Archive member included because of file (symbol)

/opt/cross/avr/lib64/gcc/avr/4.6.2/../../../../avr/lib/avr35/libm.a(divsf3.o)
                              USBpwm.o (__divsf3)
/opt/cross/avr/lib64/gcc/avr/4.6.2/../../../../avr/lib/avr35/libm.a(divsf3x.o)
                              /opt/cross/avr/lib64/gcc/avr/4.6.2/../../../../avr/lib/avr35/libm.a(divsf3.o) (__divsf3x)
/opt/cross/avr/lib64/gcc/avr/4.6.2/../../../../avr/lib/avr35/libm.a(fixunssfsi.o)
                              USBpwm.o (__fixunssfsi)
/opt/cross/avr/lib64/gcc/avr/4.6.2/../../../../avr/lib/avr35/libm.a(floatsisf.o)
                              USBpwm.o (__floatunsisf)
/opt/cross/avr/lib64/gcc/avr/4.6.2/../../../../avr/lib/avr35/libm.a(fp_inf.o)
                              /opt/cross/avr/lib64/gcc/avr/4.6.2/../../../../avr/lib/avr35/libm.a(divsf3x.o) (__fp_inf)
/opt/cross/avr/lib64/gcc/avr/4.6.2/../../../../avr/lib/avr35/libm.a(fp_nan.o)
                              /opt/cross/avr/lib64/gcc/avr/4.6.2/../../../../avr/lib/avr35/libm.a(divsf3x.o) (__fp_nan)
/opt/cross/avr/lib64/gcc/avr/4.6.2/../../../../avr/lib/avr35/libm.a(fp_pscA.o)
                              /opt/cross/avr/lib64/gcc/avr/4.6.2/../../../../avr/lib/avr35/libm.a(divsf3x.o) (__fp_pscA)
/opt/cross/avr/lib64/gcc/avr/4.6.2/../../../../avr/lib/avr35/libm.a(fp_pscB.o)
                              /opt/cross/avr/lib64/gcc/avr/4.6.2/../../../../avr/lib/avr35/libm.a(divsf3x.o) (__fp_pscB)
/opt/cross/avr/lib64/gcc/avr/4.6.2/../../../../avr/lib/avr35/libm.a(fp_round.o)
                              /opt/cross/avr/lib64/gcc/avr/4.6.2/../../../../avr/lib/avr35/libm.a(divsf3.o) (__fp_round)
/opt/cross/avr/lib64/gcc/avr/4.6.2/../../../../avr/lib/avr35/libm.a(fp_split3.o)
                              /opt/cross/avr/lib64/gcc/avr/4.6.2/../../../../avr/lib/avr35/libm.a(divsf3x.o) (__fp_split3)
/opt/cross/avr/lib64/gcc/avr/4.6.2/../../../../avr/lib/avr35/libm.a(fp_zero.o)
                              /opt/cross/avr/lib64/gcc/avr/4.6.2/../../../../avr/lib/avr35/libm.a(fixunssfsi.o) (__fp_zero)
/opt/cross/avr/lib64/gcc/avr/4.6.2/../../../../avr/lib/avr35/libm.a(mulsf3.o)
                              USBpwm.o (__mulsf3)
/opt/cross/avr/lib64/gcc/avr/4.6.2/../../../../avr/lib/avr35/libm.a(mulsf3x.o)
                              /opt/cross/avr/lib64/gcc/avr/4.6.2/../../../../avr/lib/avr35/libm.a(mulsf3.o) (__mulsf3x)
/opt/cross/avr/lib64/gcc/avr/4.6.2/../../../../avr/lib/avr35/libm.a(pow.o)
                              USBpwm.o (pow)
/opt/cross/avr/lib64/gcc/avr/4.6.2/../../../../avr/lib/avr35/libm.a(round.o)
                              USBpwm.o (round)
/opt/cross/avr/lib64/gcc/avr/4.6.2/../../../../avr/lib/avr35/libm.a(exp.o)
                              /opt/cross/avr/lib64/gcc/avr/4.6.2/../../../../avr/lib/avr35/libm.a(pow.o) (exp)
/opt/cross/avr/lib64/gcc/avr/4.6.2/../../../../avr/lib/avr35/libm.a(fp_mintl.o)
                              /opt/cross/avr/lib64/gcc/avr/4.6.2/../../../../avr/lib/avr35/libm.a(round.o) (__fp_mintl)
/opt/cross/avr/lib64/gcc/avr/4.6.2/../../../../avr/lib/avr35/libm.a(fp_mpack.o)
                              /opt/cross/avr/lib64/gcc/avr/4.6.2/../../../../avr/lib/avr35/libm.a(round.o) (__fp_mpack)
/opt/cross/avr/lib64/gcc/avr/4.6.2/../../../../avr/lib/avr35/libm.a(fp_powser.o)
                              /opt/cross/avr/lib64/gcc/avr/4.6.2/../../../../avr/lib/avr35/libm.a(exp.o) (__fp_powser)
/opt/cross/avr/lib64/gcc/avr/4.6.2/../../../../avr/lib/avr35/libm.a(inverse.o)
                              /opt/cross/avr/lib64/gcc/avr/4.6.2/../../../../avr/lib/avr35/libm.a(exp.o) (inverse)
/opt/cross/avr/lib64/gcc/avr/4.6.2/../../../../avr/lib/avr35/libm.a(ldexp.o)
                              /opt/cross/avr/lib64/gcc/avr/4.6.2/../../../../avr/lib/avr35/libm.a(exp.o) (ldexp)
/opt/cross/avr/lib64/gcc/avr/4.6.2/../../../../avr/lib/avr35/libm.a(log.o)
                              /opt/cross/avr/lib64/gcc/avr/4.6.2/../../../../avr/lib/avr35/libm.a(pow.o) (log)
/opt/cross/avr/lib64/gcc/avr/4.6.2/../../../../avr/lib/avr35/libm.a(modf.o)
                              /opt/cross/avr/lib64/gcc/avr/4.6.2/../../../../avr/lib/avr35/libm.a(exp.o) (modf)
/opt/cross/avr/lib64/gcc/avr/4.6.2/../../../../avr/lib/avr35/libm.a(addsf3.o)
                              /opt/cross/avr/lib64/gcc/avr/4.6.2/../../../../avr/lib/avr35/libm.a(modf.o) (__subsf3)
/opt/cross/avr/lib64/gcc/avr/4.6.2/../../../../avr/lib/avr35/libm.a(addsf3x.o)
                              /opt/cross/avr/lib64/gcc/avr/4.6.2/../../../../avr/lib/avr35/libm.a(fp_powser.o) (__addsf3x)
/opt/cross/avr/lib64/gcc/avr/4.6.2/avr35/libgcc.a(_mulhi3.o)
                              ../../LUFA/Drivers/USB/Class/Common/HIDParser.o (__mulhi3)
/opt/cross/avr/lib64/gcc/avr/4.6.2/avr35/libgcc.a(_udivmodqi4.o)
                              USBpwm.o (__udivmodqi4)
/opt/cross/avr/lib64/gcc/avr/4.6.2/avr35/libgcc.a(_exit.o)
[...]
Memory Configuration

Name             Origin             Length             Attributes
text             0x0000000000000000 0x0000000000010000 xr
data             0x0000000000800060 0x000000000000ffa0 rw !x
eeprom           0x0000000000810000 0x0000000000010000 rw !x
fuse             0x0000000000820000 0x0000000000000400 rw !x
lock             0x0000000000830000 0x0000000000000400 rw !x
signature        0x0000000000840000 0x0000000000000400 rw !x
*default*        0x0000000000000000 0xffffffffffffffff

Linker script and memory map

Address of section .data set to 0x800100
LOAD /opt/cross/avr/lib64/gcc/avr/4.6.2/../../../../avr/lib/avr35/crtm32u2.o
LOAD /opt/cross/avr/lib64/gcc/avr/4.6.2/../../../../avr/lib/avr35/libm.a
LOAD USBpwm.o
LOAD Descriptors.o
LOAD ../../LUFA/Drivers/USB/Core/AVR8/Device_AVR8.o
LOAD ../../LUFA/Drivers/USB/Core/AVR8/Endpoint_AVR8.o
LOAD ../../LUFA/Drivers/USB/Core/AVR8/Host_AVR8.o
LOAD ../../LUFA/Drivers/USB/Core/AVR8/Pipe_AVR8.o
LOAD ../../LUFA/Drivers/USB/Core/AVR8/USBController_AVR8.o
LOAD ../../LUFA/Drivers/USB/Core/AVR8/USBInterrupt_AVR8.o
LOAD ../../LUFA/Drivers/USB/Core/AVR8/EndpointStream_AVR8.o
LOAD ../../LUFA/Drivers/USB/Core/AVR8/PipeStream_AVR8.o
LOAD ../../LUFA/Drivers/USB/Core/ConfigDescriptors.o
LOAD ../../LUFA/Drivers/USB/Core/DeviceStandardReq.o
LOAD ../../LUFA/Drivers/USB/Core/Events.o
LOAD ../../LUFA/Drivers/USB/Core/HostStandardReq.o
LOAD ../../LUFA/Drivers/USB/Core/USBTask.o
LOAD ../../LUFA/Drivers/USB/Class/Common/HIDParser.o
LOAD ../../LUFA/Drivers/USB/Class/Device/AudioClassDevice.o
LOAD ../../LUFA/Drivers/USB/Class/Device/CDCClassDevice.o
LOAD ../../LUFA/Drivers/USB/Class/Device/HIDClassDevice.o
LOAD ../../LUFA/Drivers/USB/Class/Device/MassStorageClassDevice.o
LOAD ../../LUFA/Drivers/USB/Class/Device/MIDIClassDevice.o
LOAD ../../LUFA/Drivers/USB/Class/Device/RNDISClassDevice.o
LOAD ../../LUFA/Drivers/USB/Class/Host/AndroidAccessoryClassHost.o
LOAD ../../LUFA/Drivers/USB/Class/Host/AudioClassHost.o
LOAD ../../LUFA/Drivers/USB/Class/Host/CDCClassHost.o
LOAD ../../LUFA/Drivers/USB/Class/Host/HIDClassHost.o
LOAD ../../LUFA/Drivers/USB/Class/Host/MassStorageClassHost.o
LOAD ../../LUFA/Drivers/USB/Class/Host/MIDIClassHost.o
LOAD ../../LUFA/Drivers/USB/Class/Host/PrinterClassHost.o
LOAD ../../LUFA/Drivers/USB/Class/Host/RNDISClassHost.o
LOAD ../../LUFA/Drivers/USB/Class/Host/StillImageClassHost.o
LOAD /opt/cross/avr/lib64/gcc/avr/4.6.2/../../../../avr/lib/avr35/libm.a
LOAD /opt/cross/avr/lib64/gcc/avr/4.6.2/avr35/libgcc.a
LOAD /opt/cross/avr/lib64/gcc/avr/4.6.2/../../../../avr/lib/avr35/libc.a
LOAD /opt/cross/avr/lib64/gcc/avr/4.6.2/avr35/libgcc.a

.hash
 *(.hash)

.dynsym
 *(.dynsym)

.dynstr
 *(.dynstr)

.gnu.version
 *(.gnu.version)

.gnu.version_d
 *(.gnu.version_d)

.gnu.version_r
 *(.gnu.version_r)

.rel.init
 *(.rel.init)

.rela.init
 *(.rela.init)

.rel.text
 *(.rel.text)
 *(.rel.text.*)
 *(.rel.gnu.linkonce.t*)

.rela.text
 *(.rela.text)
 *(.rela.text.*)
 *(.rela.gnu.linkonce.t*)

.rel.fini
 *(.rel.fini)

.rela.fini
 *(.rela.fini)

.rel.rodata
 *(.rel.rodata)
 *(.rel.rodata.*)
 *(.rel.gnu.linkonce.r*)

.rela.rodata
 *(.rela.rodata)
 *(.rela.rodata.*)
 *(.rela.gnu.linkonce.r*)

.rel.data
 *(.rel.data)
 *(.rel.data.*)
 *(.rel.gnu.linkonce.d*)

.rela.data
 *(.rela.data)
 *(.rela.data.*)
 *(.rela.gnu.linkonce.d*)

.rel.ctors
 *(.rel.ctors)

.rela.ctors
 *(.rela.ctors)

.rel.dtors
 *(.rel.dtors)

.rela.dtors
 *(.rela.dtors)

.rel.got
 *(.rel.got)

.rela.got
 *(.rela.got)

.rel.bss
 *(.rel.bss)

.rela.bss
 *(.rela.bss)

.rel.plt
 *(.rel.plt)

.rela.plt
 *(.rela.plt)

.text           0x0000000000000000     0x198a
 *(.vectors)
 .vectors       0x0000000000000000       0x74 /opt/cross/avr/lib64/gcc/avr/4.6.2/../../../../avr/lib/avr35/crtm32u2.o
                0x0000000000000000                __vectors
                0x0000000000000000                __vector_default
 *(.vectors)
 *(.progmem.gcc*)
 .progmem.gcc_fplib
                0x0000000000000074       0x28 /opt/cross/avr/lib64/gcc/avr/4.6.2/../../../../avr/lib/avr35/libm.a(exp.o)
 .progmem.gcc_fplib
                0x000000000000009c       0x5a /opt/cross/avr/lib64/gcc/avr/4.6.2/../../../../avr/lib/avr35/libm.a(log.o)
 *(.progmem*)
 .progmem.data  0x00000000000000f6        0xf USBpwm.o
 .progmem.data  0x0000000000000105       0x9e Descriptors.o
                0x0000000000000105                ProductString
                0x0000000000000135                ManufacturerString
                0x000000000000014f                LanguageString
                0x0000000000000153                ConfigurationDescriptor
                0x0000000000000191                DeviceDescriptor
                0x00000000000001a4                . = ALIGN (0x2)
 *fill*         0x00000000000001a3        0x1 
                0x00000000000001a4                __trampolines_start = .
 *(.trampolines)
 .trampolines   0x00000000000001a4        0x0 linker stubs
 *(.trampolines*)
                0x00000000000001a4                __trampolines_end = .
 *(.jumptables)
 *(.jumptables*)
 *(.lowtext)
 *(.lowtext*)
                0x00000000000001a4                __ctors_start = .
 *(.ctors)
                0x00000000000001a4                __ctors_end = .
                0x00000000000001a4                __dtors_start = .
 *(.dtors)
                0x00000000000001a4                __dtors_end = .
 SORT(*)(.ctors)
 SORT(*)(.dtors)
 *(.init0)
 .init0         0x00000000000001a4        0x0 /opt/cross/avr/lib64/gcc/avr/4.6.2/../../../../avr/lib/avr35/crtm32u2.o
                0x00000000000001a4                __init
 *(.init0)
 *(.init1)
 *(.init1)
 *(.init2)
 .init2         0x00000000000001a4        0xc /opt/cross/avr/lib64/gcc/avr/4.6.2/../../../../avr/lib/avr35/crtm32u2.o
 *(.init2)
 *(.init3)
 *(.init3)
 *(.init4)
 .init4         0x00000000000001b0       0x16 /opt/cross/avr/lib64/gcc/avr/4.6.2/avr35/libgcc.a(_copy_data.o)
                0x00000000000001b0                __do_copy_data
 .init4         0x00000000000001c6       0x10 /opt/cross/avr/lib64/gcc/avr/4.6.2/avr35/libgcc.a(_clear_bss.o)
                0x00000000000001c6                __do_clear_bss
 *(.init4)
 *(.init5)
 *(.init5)
 *(.init6)
 *(.init6)
 *(.init7)
 *(.init7)
 *(.init8)
 *(.init8)
 *(.init9)
 .init9         0x00000000000001d6        0x6 /opt/cross/avr/lib64/gcc/avr/4.6.2/../../../../avr/lib/avr35/crtm32u2.o
 *(.init9)
 *(.text)
 .text          0x00000000000001dc        0x2 /opt/cross/avr/lib64/gcc/avr/4.6.2/../../../../avr/lib/avr35/crtm32u2.o
                0x00000000000001dc                __vector_22
                0x00000000000001dc                __vector_28
                0x00000000000001dc                __vector_1
                0x00000000000001dc                __vector_24
                0x00000000000001dc                __bad_interrupt
                0x00000000000001dc                __vector_6
                0x00000000000001dc                __vector_3
                0x00000000000001dc                __vector_23
                0x00000000000001dc                __vector_25
                0x00000000000001dc                __vector_13
                0x00000000000001dc                __vector_17
                0x00000000000001dc                __vector_19
                0x00000000000001dc                __vector_7
                0x00000000000001dc                __vector_27
                0x00000000000001dc                __vector_5
                0x00000000000001dc                __vector_4
                0x00000000000001dc                __vector_9
                0x00000000000001dc                __vector_2
                0x00000000000001dc                __vector_21
                0x00000000000001dc                __vector_15
                0x00000000000001dc                __vector_8
                0x00000000000001dc                __vector_26
                0x00000000000001dc                __vector_14
                0x00000000000001dc                __vector_10
                0x00000000000001dc                __vector_16
                0x00000000000001dc                __vector_18
                0x00000000000001dc                __vector_20
                0x00000000000001de                . = ALIGN (0x2)
 *(.text.*)
 .text.RingBuffer_Insert
                0x00000000000001de       0x36 USBpwm.o
 .text.RingBuffer_Remove
                0x0000000000000214       0x32 USBpwm.o
 .text.USB_sendstring_P
                0x0000000000000246       0x1e USBpwm.o
                0x0000000000000246                USB_sendstring_P
 .text.USB_sendbyte
                0x0000000000000264        0x8 USBpwm.o
                0x0000000000000264                USB_sendbyte
 .text.helloworld
                0x000000000000026c       0x24 USBpwm.o
                0x000000000000026c                helloworld
 .text.init     0x0000000000000290       0x54 USBpwm.o
                0x0000000000000290                init
 .text.setcolor
                0x00000000000002e4       0xf2 USBpwm.o
                0x00000000000002e4                setcolor
 .text.lowvoltage
                0x00000000000003d6       0x18 USBpwm.o
                0x00000000000003d6                lowvoltage
 .text.mood     0x00000000000003ee      0x1ec USBpwm.o
                0x00000000000003ee                mood
 .text.SetupHardware
                0x00000000000005da        0x8 USBpwm.o
                0x00000000000005da                SetupHardware
 .text.startup.main
                0x00000000000005e2       0xd6 USBpwm.o
                0x00000000000005e2                main
 .text.EVENT_USB_Device_Connect
                0x00000000000006b8        0x2 USBpwm.o
                0x00000000000006b8                EVENT_USB_Device_Connect
 .text.EVENT_USB_Device_Disconnect
                0x00000000000006ba        0x2 USBpwm.o
                0x00000000000006ba                EVENT_USB_Device_Disconnect
 .text.EVENT_USB_Device_ConfigurationChanged
                0x00000000000006bc        0x6 USBpwm.o
                0x00000000000006bc                EVENT_USB_Device_ConfigurationChanged
 .text.EVENT_USB_Device_ControlRequest
                0x00000000000006c2        0x6 USBpwm.o
                0x00000000000006c2                EVENT_USB_Device_ControlRequest
 .text.EVENT_CDC_Device_LineEncodingChanged
                0x00000000000006c8        0x2 USBpwm.o
                0x00000000000006c8                EVENT_CDC_Device_LineEncodingChanged
 .text.CALLBACK_USB_GetDescriptor
                0x00000000000006ca       0x58 Descriptors.o
                0x00000000000006ca                CALLBACK_USB_GetDescriptor
 .text.Endpoint_ConfigureEndpoint_Prv
                0x0000000000000722       0x6a ../../LUFA/Drivers/USB/Core/AVR8/Endpoint_AVR8.o
                0x0000000000000722                Endpoint_ConfigureEndpoint_Prv
 .text.Endpoint_ConfigureEndpointTable
                0x000000000000078c       0x78 ../../LUFA/Drivers/USB/Core/AVR8/Endpoint_AVR8.o
                0x000000000000078c                Endpoint_ConfigureEndpointTable
 .text.Endpoint_ClearStatusStage
                0x0000000000000804       0x3e ../../LUFA/Drivers/USB/Core/AVR8/Endpoint_AVR8.o
                0x0000000000000804                Endpoint_ClearStatusStage
 .text.Endpoint_WaitUntilReady
                0x0000000000000842       0x64 ../../LUFA/Drivers/USB/Core/AVR8/Endpoint_AVR8.o
                0x0000000000000842                Endpoint_WaitUntilReady
 .text.USB_ResetInterface
                0x00000000000008a6       0x70 ../../LUFA/Drivers/USB/Core/AVR8/USBController_AVR8.o
                0x00000000000008a6                USB_ResetInterface
 .text.USB_Init
                0x0000000000000916       0x12 ../../LUFA/Drivers/USB/Core/AVR8/USBController_AVR8.o
                0x0000000000000916                USB_Init
 .text.USB_INT_DisableAllInterrupts
                0x0000000000000928        0x6 ../../LUFA/Drivers/USB/Core/AVR8/USBInterrupt_AVR8.o
                0x0000000000000928                USB_INT_DisableAllInterrupts
 .text.USB_INT_ClearAllInterrupts
                0x000000000000092e        0x6 ../../LUFA/Drivers/USB/Core/AVR8/USBInterrupt_AVR8.o
                0x000000000000092e                USB_INT_ClearAllInterrupts
 .text.__vector_11
                0x0000000000000934      0x148 ../../LUFA/Drivers/USB/Core/AVR8/USBInterrupt_AVR8.o
                0x0000000000000934                __vector_11
 .text.__vector_12
                0x0000000000000a7c       0x76 ../../LUFA/Drivers/USB/Core/AVR8/USBInterrupt_AVR8.o
                0x0000000000000a7c                __vector_12
 .text.Endpoint_Write_Control_Stream_LE
                0x0000000000000af2       0xc6 ../../LUFA/Drivers/USB/Core/AVR8/EndpointStream_AVR8.o
                0x0000000000000af2                Endpoint_Write_Control_Stream_LE
 .text.Endpoint_Write_Control_PStream_LE
                0x0000000000000bb8       0xc8 ../../LUFA/Drivers/USB/Core/AVR8/EndpointStream_AVR8.o
                0x0000000000000bb8                Endpoint_Write_Control_PStream_LE
 .text.USB_Device_ProcessControlRequest
                0x0000000000000c80      0x2ce ../../LUFA/Drivers/USB/Core/DeviceStandardReq.o
                0x0000000000000c80                USB_Device_ProcessControlRequest
 .text.USB_Event_Stub
                0x0000000000000f4e        0x2 ../../LUFA/Drivers/USB/Core/Events.o
                0x0000000000000f4e                EVENT_USB_Device_WakeUp
                0x0000000000000f4e                USB_Event_Stub
                0x0000000000000f4e                EVENT_USB_Device_Suspend
                0x0000000000000f4e                EVENT_USB_Device_StartOfFrame
                0x0000000000000f4e                EVENT_USB_Device_Reset
 .text.USB_USBTask
                0x0000000000000f50       0x36 ../../LUFA/Drivers/USB/Core/USBTask.o
                0x0000000000000f50                USB_USBTask
 .text.CDC_Device_ProcessControlRequest
                0x0000000000000f86      0x158 ../../LUFA/Drivers/USB/Class/Device/CDCClassDevice.o
                0x0000000000000f86                CDC_Device_ProcessControlRequest
 .text.CDC_Device_ConfigureEndpoints
                0x00000000000010de       0x48 ../../LUFA/Drivers/USB/Class/Device/CDCClassDevice.o
                0x00000000000010de                CDC_Device_ConfigureEndpoints
 .text.CDC_Device_SendByte
                0x0000000000001126       0x4c ../../LUFA/Drivers/USB/Class/Device/CDCClassDevice.o
                0x0000000000001126                CDC_Device_SendByte
 .text.CDC_Device_Flush
                0x0000000000001172       0x5a ../../LUFA/Drivers/USB/Class/Device/CDCClassDevice.o
                0x0000000000001172                CDC_Device_Flush
 .text.CDC_Device_USBTask
                0x00000000000011cc       0x1e ../../LUFA/Drivers/USB/Class/Device/CDCClassDevice.o
                0x00000000000011cc                CDC_Device_USBTask
 .text.CDC_Device_ReceiveByte
                0x00000000000011ea       0x5e ../../LUFA/Drivers/USB/Class/Device/CDCClassDevice.o
                0x00000000000011ea                CDC_Device_ReceiveByte
 .text.CDC_Device_Event_Stub
                0x0000000000001248        0x2 ../../LUFA/Drivers/USB/Class/Device/CDCClassDevice.o
                0x0000000000001248                EVENT_CDC_Device_ControLineStateChanged
                0x0000000000001248                EVENT_CDC_Device_BreakSent
                0x0000000000001248                CDC_Device_Event_Stub
 .text.avr-libc.fplib
                0x000000000000124a        0x4 /opt/cross/avr/lib64/gcc/avr/4.6.2/../../../../avr/lib/avr35/libm.a(divsf3.o)
                0x000000000000124a                __divsf3
 .text.avr-libc.fplib
                0x000000000000124e       0xcc /opt/cross/avr/lib64/gcc/avr/4.6.2/../../../../avr/lib/avr35/libm.a(divsf3x.o)
                0x0000000000001264                __divsf3x
                0x0000000000001268                __divsf3_pse
 .text.avr-libc.fplib
                0x000000000000131a       0x58 /opt/cross/avr/lib64/gcc/avr/4.6.2/../../../../avr/lib/avr35/libm.a(fixunssfsi.o)
                0x000000000000131a                __fixunssfsi
 .text.avr-libc.fplib
                0x0000000000001372       0x7a /opt/cross/avr/lib64/gcc/avr/4.6.2/../../../../avr/lib/avr35/libm.a(floatsisf.o)
                0x0000000000001372                __floatunsisf
                0x0000000000001376                __floatsisf
 .text.avr-libc.fplib
                0x00000000000013ec        0xc /opt/cross/avr/lib64/gcc/avr/4.6.2/../../../../avr/lib/avr35/libm.a(fp_inf.o)
                0x00000000000013ec                __fp_inf
 .text.avr-libc.fplib
                0x00000000000013f8        0x6 /opt/cross/avr/lib64/gcc/avr/4.6.2/../../../../avr/lib/avr35/libm.a(fp_nan.o)
                0x00000000000013f8                __fp_nan
 .text.avr-libc.fplib
                0x00000000000013fe        0xe /opt/cross/avr/lib64/gcc/avr/4.6.2/../../../../avr/lib/avr35/libm.a(fp_pscA.o)
                0x00000000000013fe                __fp_pscA
 .text.avr-libc.fplib
                0x000000000000140c        0xe /opt/cross/avr/lib64/gcc/avr/4.6.2/../../../../avr/lib/avr35/libm.a(fp_pscB.o)
                0x000000000000140c                __fp_pscB
 .text.avr-libc.fplib
                0x000000000000141a       0x22 /opt/cross/avr/lib64/gcc/avr/4.6.2/../../../../avr/lib/avr35/libm.a(fp_round.o)
                0x000000000000141a                __fp_round
 .text.avr-libc.fplib
                0x000000000000143c       0x44 /opt/cross/avr/lib64/gcc/avr/4.6.2/../../../../avr/lib/avr35/libm.a(fp_split3.o)
                0x000000000000143c                __fp_split3
                0x000000000000144c                __fp_splitA
 .text.avr-libc.fplib
                0x0000000000001480        0xe /opt/cross/avr/lib64/gcc/avr/4.6.2/../../../../avr/lib/avr35/libm.a(fp_zero.o)
                0x0000000000001480                __fp_zero
                0x0000000000001482                __fp_szero
 .text.avr-libc.fplib
                0x000000000000148e        0x4 /opt/cross/avr/lib64/gcc/avr/4.6.2/../../../../avr/lib/avr35/libm.a(mulsf3.o)
                0x000000000000148e                __mulsf3
 .text.avr-libc.fplib
                0x0000000000001492       0xd2 /opt/cross/avr/lib64/gcc/avr/4.6.2/../../../../avr/lib/avr35/libm.a(mulsf3x.o)
                0x00000000000014a4                __mulsf3x
                0x00000000000014a8                __mulsf3_pse
 .text.avr-libc.fplib
                0x0000000000001564       0x98 /opt/cross/avr/lib64/gcc/avr/4.6.2/../../../../avr/lib/avr35/libm.a(pow.o)
                0x0000000000001564                pow
 .text.avr-libc.fplib
                0x00000000000015fc       0x40 /opt/cross/avr/lib64/gcc/avr/4.6.2/../../../../avr/lib/avr35/libm.a(round.o)
                0x00000000000015fc                round
 .text.avr-libc.fplib
                0x000000000000163c       0x62 /opt/cross/avr/lib64/gcc/avr/4.6.2/../../../../avr/lib/avr35/libm.a(exp.o)
                0x0000000000001646                exp
 .text.avr-libc.fplib
                0x000000000000169e       0x36 /opt/cross/avr/lib64/gcc/avr/4.6.2/../../../../avr/lib/avr35/libm.a(fp_mintl.o)
                0x000000000000169e                __fp_mintl
 .text.avr-libc.fplib
                0x00000000000016d4       0x1c /opt/cross/avr/lib64/gcc/avr/4.6.2/../../../../avr/lib/avr35/libm.a(fp_mpack.o)
                0x00000000000016d4                __fp_mpack
                0x00000000000016d8                __fp_mpack_finite
 .text.avr-libc.fplib
                0x00000000000016f0       0x4a /opt/cross/avr/lib64/gcc/avr/4.6.2/../../../../avr/lib/avr35/libm.a(fp_powser.o)
                0x00000000000016f0                __fp_powser
 .text.avr-libc.fplib
                0x000000000000173a        0xe /opt/cross/avr/lib64/gcc/avr/4.6.2/../../../../avr/lib/avr35/libm.a(inverse.o)
                0x000000000000173a                inverse
 .text.avr-libc.fplib
                0x0000000000001748       0x6c /opt/cross/avr/lib64/gcc/avr/4.6.2/../../../../avr/lib/avr35/libm.a(ldexp.o)
                0x000000000000174c                ldexp
 .text.avr-libc.fplib
                0x00000000000017b4       0x8a /opt/cross/avr/lib64/gcc/avr/4.6.2/../../../../avr/lib/avr35/libm.a(log.o)
                0x00000000000017be                log
 .text.avr-libc.fplib
                0x000000000000183e       0x66 /opt/cross/avr/lib64/gcc/avr/4.6.2/../../../../avr/lib/avr35/libm.a(modf.o)
                0x000000000000183e                modff
                0x000000000000183e                modf
 .text.avr-libc.fplib
                0x00000000000018a4        0xa /opt/cross/avr/lib64/gcc/avr/4.6.2/../../../../avr/lib/avr35/libm.a(addsf3.o)
                0x00000000000018a4                __subsf3
                0x00000000000018a6                __addsf3
 .text.avr-libc.fplib
                0x00000000000018ae       0xc0 /opt/cross/avr/lib64/gcc/avr/4.6.2/../../../../avr/lib/avr35/libm.a(addsf3x.o)
                0x00000000000018c8                __addsf3x
 .text.libgcc   0x000000000000196e       0x18 /opt/cross/avr/lib64/gcc/avr/4.6.2/avr35/libgcc.a(_udivmodqi4.o)
                0x000000000000196e                __udivmodqi4
                0x0000000000001986                . = ALIGN (0x2)
 *(.fini9)
 .fini9         0x0000000000001986        0x0 /opt/cross/avr/lib64/gcc/avr/4.6.2/avr35/libgcc.a(_exit.o)
                0x0000000000001986                exit
                0x0000000000001986                _exit
 *(.fini9)
 *(.fini8)
 *(.fini8)
 *(.fini7)
 *(.fini7)
 *(.fini6)
 *(.fini6)
 *(.fini5)
 *(.fini5)
 *(.fini4)
 *(.fini4)
 *(.fini3)
 *(.fini3)
 *(.fini2)
 *(.fini2)
 *(.fini1)
 *(.fini1)
 *(.fini0)
 .fini0         0x0000000000001986        0x4 /opt/cross/avr/lib64/gcc/avr/4.6.2/avr35/libgcc.a(_exit.o)
 *(.fini0)
                0x000000000000198a                _etext = .

.data           0x0000000000800100       0x38 load address 0x000000000000198a
                0x0000000000800100                PROVIDE (__data_start, .)
 *(.data)
 .data          0x0000000000800100        0x0 /opt/cross/avr/lib64/gcc/avr/4.6.2/../../../../avr/lib/avr35/crtm32u2.o
 .data          0x0000000000800100       0x27 USBpwm.o
                0x0000000000800100                VirtualSerial_CDC_Interface
 .data          0x0000000000800127        0x0 Descriptors.o
 .data          0x0000000000800127        0x0 ../../LUFA/Drivers/USB/Core/AVR8/Device_AVR8.o
 .data          0x0000000000800127        0x0 ../../LUFA/Drivers/USB/Core/AVR8/Endpoint_AVR8.o
 .data          0x0000000000800127        0x0 ../../LUFA/Drivers/USB/Core/AVR8/Host_AVR8.o
 .data          0x0000000000800127        0x0 ../../LUFA/Drivers/USB/Core/AVR8/Pipe_AVR8.o
 .data          0x0000000000800127        0x0 ../../LUFA/Drivers/USB/Core/AVR8/USBController_AVR8.o
 .data          0x0000000000800127        0x0 ../../LUFA/Drivers/USB/Core/AVR8/USBInterrupt_AVR8.o
 .data          0x0000000000800127        0x0 ../../LUFA/Drivers/USB/Core/AVR8/EndpointStream_AVR8.o
 .data          0x0000000000800127        0x0 ../../LUFA/Drivers/USB/Core/AVR8/PipeStream_AVR8.o
 .data          0x0000000000800127        0x0 ../../LUFA/Drivers/USB/Core/ConfigDescriptors.o
 .data          0x0000000000800127        0x0 ../../LUFA/Drivers/USB/Core/DeviceStandardReq.o
 .data          0x0000000000800127        0x0 ../../LUFA/Drivers/USB/Core/Events.o
 .data          0x0000000000800127        0x0 ../../LUFA/Drivers/USB/Core/HostStandardReq.o
 .data          0x0000000000800127        0x0 ../../LUFA/Drivers/USB/Core/USBTask.o
 .data          0x0000000000800127        0x0 ../../LUFA/Drivers/USB/Class/Common/HIDParser.o
 .data          0x0000000000800127        0x0 ../../LUFA/Drivers/USB/Class/Device/AudioClassDevice.o
 .data          0x0000000000800127        0x8 ../../LUFA/Drivers/USB/Class/Device/CDCClassDevice.o
 .data          0x000000000080012f        0x0 ../../LUFA/Drivers/USB/Class/Device/HIDClassDevice.o
 .data          0x000000000080012f        0x0 ../../LUFA/Drivers/USB/Class/Device/MassStorageClassDevice.o
 .data          0x000000000080012f        0x0 ../../LUFA/Drivers/USB/Class/Device/MIDIClassDevice.o
 .data          0x000000000080012f        0x8 ../../LUFA/Drivers/USB/Class/Device/RNDISClassDevice.o
 .data          0x0000000000800137        0x0 ../../LUFA/Drivers/USB/Class/Host/AndroidAccessoryClassHost.o
 .data          0x0000000000800137        0x0 ../../LUFA/Drivers/USB/Class/Host/AudioClassHost.o
 .data          0x0000000000800137        0x0 ../../LUFA/Drivers/USB/Class/Host/CDCClassHost.o
 .data          0x0000000000800137        0x0 ../../LUFA/Drivers/USB/Class/Host/HIDClassHost.o
 .data          0x0000000000800137        0x0 ../../LUFA/Drivers/USB/Class/Host/MassStorageClassHost.o
 .data          0x0000000000800137        0x0 ../../LUFA/Drivers/USB/Class/Host/MIDIClassHost.o
 .data          0x0000000000800137        0x0 ../../LUFA/Drivers/USB/Class/Host/PrinterClassHost.o
 .data          0x0000000000800137        0x0 ../../LUFA/Drivers/USB/Class/Host/RNDISClassHost.o
 .data          0x0000000000800137        0x0 ../../LUFA/Drivers/USB/Class/Host/StillImageClassHost.o
 .data          0x0000000000800137        0x0 /opt/cross/avr/lib64/gcc/avr/4.6.2/../../../../avr/lib/avr35/libm.a(divsf3.o)
 .data          0x0000000000800137        0x0 /opt/cross/avr/lib64/gcc/avr/4.6.2/../../../../avr/lib/avr35/libm.a(divsf3x.o)
 .data          0x0000000000800137        0x0 /opt/cross/avr/lib64/gcc/avr/4.6.2/../../../../avr/lib/avr35/libm.a(fixunssfsi.o)
 .data          0x0000000000800137        0x0 /opt/cross/avr/lib64/gcc/avr/4.6.2/../../../../avr/lib/avr35/libm.a(floatsisf.o)
 .data          0x0000000000800137        0x0 /opt/cross/avr/lib64/gcc/avr/4.6.2/../../../../avr/lib/avr35/libm.a(fp_inf.o)
 .data          0x0000000000800137        0x0 /opt/cross/avr/lib64/gcc/avr/4.6.2/../../../../avr/lib/avr35/libm.a(fp_nan.o)
 .data          0x0000000000800137        0x0 /opt/cross/avr/lib64/gcc/avr/4.6.2/../../../../avr/lib/avr35/libm.a(fp_pscA.o)
 .data          0x0000000000800137        0x0 /opt/cross/avr/lib64/gcc/avr/4.6.2/../../../../avr/lib/avr35/libm.a(fp_pscB.o)
 .data          0x0000000000800137        0x0 /opt/cross/avr/lib64/gcc/avr/4.6.2/../../../../avr/lib/avr35/libm.a(fp_round.o)
 .data          0x0000000000800137        0x0 /opt/cross/avr/lib64/gcc/avr/4.6.2/../../../../avr/lib/avr35/libm.a(fp_split3.o)
 .data          0x0000000000800137        0x0 /opt/cross/avr/lib64/gcc/avr/4.6.2/../../../../avr/lib/avr35/libm.a(fp_zero.o)
 .data          0x0000000000800137        0x0 /opt/cross/avr/lib64/gcc/avr/4.6.2/../../../../avr/lib/avr35/libm.a(mulsf3.o)
 .data          0x0000000000800137        0x0 /opt/cross/avr/lib64/gcc/avr/4.6.2/../../../../avr/lib/avr35/libm.a(mulsf3x.o)
 .data          0x0000000000800137        0x0 /opt/cross/avr/lib64/gcc/avr/4.6.2/../../../../avr/lib/avr35/libm.a(pow.o)
 .data          0x0000000000800137        0x0 /opt/cross/avr/lib64/gcc/avr/4.6.2/../../../../avr/lib/avr35/libm.a(round.o)
 .data          0x0000000000800137        0x0 /opt/cross/avr/lib64/gcc/avr/4.6.2/../../../../avr/lib/avr35/libm.a(exp.o)
 .data          0x0000000000800137        0x0 /opt/cross/avr/lib64/gcc/avr/4.6.2/../../../../avr/lib/avr35/libm.a(fp_mintl.o)
 .data          0x0000000000800137        0x0 /opt/cross/avr/lib64/gcc/avr/4.6.2/../../../../avr/lib/avr35/libm.a(fp_mpack.o)
 .data          0x0000000000800137        0x0 /opt/cross/avr/lib64/gcc/avr/4.6.2/../../../../avr/lib/avr35/libm.a(fp_powser.o)
 .data          0x0000000000800137        0x0 /opt/cross/avr/lib64/gcc/avr/4.6.2/../../../../avr/lib/avr35/libm.a(inverse.o)
 .data          0x0000000000800137        0x0 /opt/cross/avr/lib64/gcc/avr/4.6.2/../../../../avr/lib/avr35/libm.a(ldexp.o)
 .data          0x0000000000800137        0x0 /opt/cross/avr/lib64/gcc/avr/4.6.2/../../../../avr/lib/avr35/libm.a(log.o)
 .data          0x0000000000800137        0x0 /opt/cross/avr/lib64/gcc/avr/4.6.2/../../../../avr/lib/avr35/libm.a(modf.o)
 .data          0x0000000000800137        0x0 /opt/cross/avr/lib64/gcc/avr/4.6.2/../../../../avr/lib/avr35/libm.a(addsf3.o)
 .data          0x0000000000800137        0x0 /opt/cross/avr/lib64/gcc/avr/4.6.2/../../../../avr/lib/avr35/libm.a(addsf3x.o)
 .data          0x0000000000800137        0x0 /opt/cross/avr/lib64/gcc/avr/4.6.2/avr35/libgcc.a(_mulhi3.o)
 .data          0x0000000000800137        0x0 /opt/cross/avr/lib64/gcc/avr/4.6.2/avr35/libgcc.a(_udivmodqi4.o)
 .data          0x0000000000800137        0x0 /opt/cross/avr/lib64/gcc/avr/4.6.2/avr35/libgcc.a(_exit.o)
 .data          0x0000000000800137        0x0 /opt/cross/avr/lib64/gcc/avr/4.6.2/avr35/libgcc.a(_copy_data.o)
 .data          0x0000000000800137        0x0 /opt/cross/avr/lib64/gcc/avr/4.6.2/avr35/libgcc.a(_clear_bss.o)
 .data          0x0000000000800137        0x0 /opt/cross/avr/lib64/gcc/avr/4.6.2/../../../../avr/lib/avr35/libc.a(memcpy_P.o)
 .data          0x0000000000800137        0x0 /opt/cross/avr/lib64/gcc/avr/4.6.2/../../../../avr/lib/avr35/libc.a(memcmp.o)
 .data          0x0000000000800137        0x0 /opt/cross/avr/lib64/gcc/avr/4.6.2/../../../../avr/lib/avr35/libc.a(memcpy.o)
 .data          0x0000000000800137        0x0 /opt/cross/avr/lib64/gcc/avr/4.6.2/../../../../avr/lib/avr35/libc.a(memset.o)
 *(.data*)
 *(.rodata)
 *(.rodata*)
 *(.gnu.linkonce.d*)
                0x0000000000800138                . = ALIGN (0x2)
 *fill*         0x0000000000800137        0x1 
                0x0000000000800138                _edata = .
                0x0000000000800138                PROVIDE (__data_end, .)

.bss            0x0000000000800138      0x128
                0x0000000000800138                PROVIDE (__bss_start, .)
 *(.bss)
 .bss           0x0000000000800138      0x11c USBpwm.o
 *(.bss*)
 *(COMMON)
 COMMON         0x0000000000800254        0x3 ../../LUFA/Drivers/USB/Core/DeviceStandardReq.o
                0x0000000000800254                USB_Device_ConfigurationNumber
                0x0000000000800255                USB_Device_CurrentlySelfPowered
                0x0000000000800256                USB_Device_RemoteWakeupEnabled
 COMMON         0x0000000000800257        0x9 ../../LUFA/Drivers/USB/Core/USBTask.o
                0x0000000000800257                USB_IsInitialized
                0x0000000000800258                USB_ControlRequest
                0x0000000000800260                PROVIDE (__bss_end, .)
                0x000000000000198a                __data_load_start = LOADADDR (.data)
                0x00000000000019c2                __data_load_end = (__data_load_start + SIZEOF (.data))

.noinit         0x0000000000800260        0x0
                0x0000000000800260                PROVIDE (__noinit_start, .)
 *(.noinit*)
                0x0000000000800260                PROVIDE (__noinit_end, .)
                0x0000000000800260                _end = .
                0x0000000000800260                PROVIDE (__heap_start, .)

.eeprom         0x0000000000810000        0x0
 *(.eeprom*)
                0x0000000000810000                __eeprom_end = .

.fuse
 *(.fuse)
 *(.lfuse)
 *(.hfuse)
 *(.efuse)

.lock
 *(.lock*)

.signature
 *(.signature*)

.stab           0x0000000000000000     0x3924
 *(.stab)
 .stab          0x0000000000000000      0x6cc /opt/cross/avr/lib64/gcc/avr/4.6.2/../../../../avr/lib/avr35/crtm32u2.o
 .stab          0x00000000000006cc       0x48 /opt/cross/avr/lib64/gcc/avr/4.6.2/../../../../avr/lib/avr35/libm.a(divsf3.o)
                                         0x54 (size before relaxing)
 .stab          0x0000000000000714      0x510 /opt/cross/avr/lib64/gcc/avr/4.6.2/../../../../avr/lib/avr35/libm.a(divsf3x.o)
                                        0x51c (size before relaxing)
 .stab          0x0000000000000c24      0x240 /opt/cross/avr/lib64/gcc/avr/4.6.2/../../../../avr/lib/avr35/libm.a(fixunssfsi.o)
                                        0x24c (size before relaxing)
 .stab          0x0000000000000e64      0x318 /opt/cross/avr/lib64/gcc/avr/4.6.2/../../../../avr/lib/avr35/libm.a(floatsisf.o)
                                        0x324 (size before relaxing)
 .stab          0x000000000000117c       0x78 /opt/cross/avr/lib64/gcc/avr/4.6.2/../../../../avr/lib/avr35/libm.a(fp_inf.o)
                                         0x84 (size before relaxing)
 .stab          0x00000000000011f4       0x54 /opt/cross/avr/lib64/gcc/avr/4.6.2/../../../../avr/lib/avr35/libm.a(fp_nan.o)
                                         0x60 (size before relaxing)
 .stab          0x0000000000001248       0x84 /opt/cross/avr/lib64/gcc/avr/4.6.2/../../../../avr/lib/avr35/libm.a(fp_pscA.o)
                                         0x90 (size before relaxing)
 .stab          0x00000000000012cc       0x84 /opt/cross/avr/lib64/gcc/avr/4.6.2/../../../../avr/lib/avr35/libm.a(fp_pscB.o)
                                         0x90 (size before relaxing)
 .stab          0x0000000000001350       0xfc /opt/cross/avr/lib64/gcc/avr/4.6.2/../../../../avr/lib/avr35/libm.a(fp_round.o)
                                        0x108 (size before relaxing)
 .stab          0x000000000000144c      0x1d4 /opt/cross/avr/lib64/gcc/avr/4.6.2/../../../../avr/lib/avr35/libm.a(fp_split3.o)
                                        0x1e0 (size before relaxing)
 .stab          0x0000000000001620       0x90 /opt/cross/avr/lib64/gcc/avr/4.6.2/../../../../avr/lib/avr35/libm.a(fp_zero.o)
                                         0x9c (size before relaxing)
 .stab          0x00000000000016b0       0x48 /opt/cross/avr/lib64/gcc/avr/4.6.2/../../../../avr/lib/avr35/libm.a(mulsf3.o)
                                         0x54 (size before relaxing)
 .stab          0x00000000000016f8      0x534 /opt/cross/avr/lib64/gcc/avr/4.6.2/../../../../avr/lib/avr35/libm.a(mulsf3x.o)
                                        0x540 (size before relaxing)
 .stab          0x0000000000001c2c      0x3c0 /opt/cross/avr/lib64/gcc/avr/4.6.2/../../../../avr/lib/avr35/libm.a(pow.o)
                                        0x3cc (size before relaxing)
 .stab          0x0000000000001fec      0x1b0 /opt/cross/avr/lib64/gcc/avr/4.6.2/../../../../avr/lib/avr35/libm.a(round.o)
                                        0x1bc (size before relaxing)
 .stab          0x000000000000219c      0x288 /opt/cross/avr/lib64/gcc/avr/4.6.2/../../../../avr/lib/avr35/libm.a(exp.o)
                                        0x294 (size before relaxing)
 .stab          0x0000000000002424      0x174 /opt/cross/avr/lib64/gcc/avr/4.6.2/../../../../avr/lib/avr35/libm.a(fp_mintl.o)
                                        0x180 (size before relaxing)
 .stab          0x0000000000002598       0xe4 /opt/cross/avr/lib64/gcc/avr/4.6.2/../../../../avr/lib/avr35/libm.a(fp_mpack.o)
                                         0xf0 (size before relaxing)
 .stab          0x000000000000267c      0x1ec /opt/cross/avr/lib64/gcc/avr/4.6.2/../../../../avr/lib/avr35/libm.a(fp_powser.o)
                                        0x1f8 (size before relaxing)
 .stab          0x0000000000002868       0x84 /opt/cross/avr/lib64/gcc/avr/4.6.2/../../../../avr/lib/avr35/libm.a(inverse.o)
                                         0x90 (size before relaxing)
 .stab          0x00000000000028ec      0x2c4 /opt/cross/avr/lib64/gcc/avr/4.6.2/../../../../avr/lib/avr35/libm.a(ldexp.o)
                                        0x2d0 (size before relaxing)
 .stab          0x0000000000002bb0      0x378 /opt/cross/avr/lib64/gcc/avr/4.6.2/../../../../avr/lib/avr35/libm.a(log.o)
                                        0x384 (size before relaxing)
 .stab          0x0000000000002f28      0x2a0 /opt/cross/avr/lib64/gcc/avr/4.6.2/../../../../avr/lib/avr35/libm.a(modf.o)
                                        0x2ac (size before relaxing)
 .stab          0x00000000000031c8       0x78 /opt/cross/avr/lib64/gcc/avr/4.6.2/../../../../avr/lib/avr35/libm.a(addsf3.o)
                                         0x84 (size before relaxing)
 .stab          0x0000000000003240      0x4bc /opt/cross/avr/lib64/gcc/avr/4.6.2/../../../../avr/lib/avr35/libm.a(addsf3x.o)
                                        0x4c8 (size before relaxing)
 .stab          0x00000000000036fc       0x84 /opt/cross/avr/lib64/gcc/avr/4.6.2/../../../../avr/lib/avr35/libc.a(memcpy_P.o)
                                         0x90 (size before relaxing)
 .stab          0x0000000000003780       0xb4 /opt/cross/avr/lib64/gcc/avr/4.6.2/../../../../avr/lib/avr35/libc.a(memcmp.o)
                                         0xc0 (size before relaxing)
 .stab          0x0000000000003834       0x84 /opt/cross/avr/lib64/gcc/avr/4.6.2/../../../../avr/lib/avr35/libc.a(memcpy.o)
                                         0x90 (size before relaxing)
 .stab          0x00000000000038b8       0x6c /opt/cross/avr/lib64/gcc/avr/4.6.2/../../../../avr/lib/avr35/libc.a(memset.o)
                                         0x78 (size before relaxing)

.stabstr        0x0000000000000000      0x582
 *(.stabstr)
 .stabstr       0x0000000000000000      0x582 /opt/cross/avr/lib64/gcc/avr/4.6.2/../../../../avr/lib/avr35/crtm32u2.o

.stab.excl
 *(.stab.excl)

.stab.exclstr
 *(.stab.exclstr)

.stab.index
 *(.stab.index)

.stab.indexstr
 *(.stab.indexstr)

.comment
 *(.comment)

.debug
 *(.debug)

.line
 *(.line)

.debug_srcinfo
 *(.debug_srcinfo)

.debug_sfnames
 *(.debug_sfnames)

.debug_aranges  0x0000000000000000      0x570
 *(.debug_aranges)
 .debug_aranges
                0x0000000000000000       0xa0 USBpwm.o
 .debug_aranges
                0x00000000000000a0       0x20 Descriptors.o
 .debug_aranges
                0x00000000000000c0       0x20 ../../LUFA/Drivers/USB/Core/AVR8/Device_AVR8.o
 .debug_aranges
                0x00000000000000e0       0x40 ../../LUFA/Drivers/USB/Core/AVR8/Endpoint_AVR8.o
 .debug_aranges
                0x0000000000000120       0x30 ../../LUFA/Drivers/USB/Core/AVR8/USBController_AVR8.o
 .debug_aranges
                0x0000000000000150       0x38 ../../LUFA/Drivers/USB/Core/AVR8/USBInterrupt_AVR8.o
 .debug_aranges
                0x0000000000000188       0xc8 ../../LUFA/Drivers/USB/Core/AVR8/EndpointStream_AVR8.o
 .debug_aranges
                0x0000000000000250       0x38 ../../LUFA/Drivers/USB/Core/ConfigDescriptors.o
 .debug_aranges
                0x0000000000000288       0x20 ../../LUFA/Drivers/USB/Core/DeviceStandardReq.o
 .debug_aranges
                0x00000000000002a8       0x20 ../../LUFA/Drivers/USB/Core/Events.o
 .debug_aranges
                0x00000000000002c8       0x20 ../../LUFA/Drivers/USB/Core/USBTask.o
 .debug_aranges
                0x00000000000002e8       0x38 ../../LUFA/Drivers/USB/Class/Common/HIDParser.o
 .debug_aranges
                0x0000000000000320       0x30 ../../LUFA/Drivers/USB/Class/Device/AudioClassDevice.o
 .debug_aranges
                0x0000000000000350       0x98 ../../LUFA/Drivers/USB/Class/Device/CDCClassDevice.o
 .debug_aranges
                0x00000000000003e8       0x30 ../../LUFA/Drivers/USB/Class/Device/HIDClassDevice.o
 .debug_aranges
                0x0000000000000418       0x30 ../../LUFA/Drivers/USB/Class/Device/MassStorageClassDevice.o
 .debug_aranges
                0x0000000000000448       0x40 ../../LUFA/Drivers/USB/Class/Device/MIDIClassDevice.o
 .debug_aranges
                0x0000000000000488       0x48 ../../LUFA/Drivers/USB/Class/Device/RNDISClassDevice.o
 .debug_aranges
                0x00000000000004d0       0x20 /opt/cross/avr/lib64/gcc/avr/4.6.2/avr35/libgcc.a(_mulhi3.o)
 .debug_aranges
                0x00000000000004f0       0x20 /opt/cross/avr/lib64/gcc/avr/4.6.2/avr35/libgcc.a(_udivmodqi4.o)
 .debug_aranges
                0x0000000000000510       0x20 /opt/cross/avr/lib64/gcc/avr/4.6.2/avr35/libgcc.a(_exit.o)
 .debug_aranges
                0x0000000000000530       0x20 /opt/cross/avr/lib64/gcc/avr/4.6.2/avr35/libgcc.a(_copy_data.o)
 .debug_aranges
                0x0000000000000550       0x20 /opt/cross/avr/lib64/gcc/avr/4.6.2/avr35/libgcc.a(_clear_bss.o)

.debug_pubnames
 *(.debug_pubnames)

.debug_info     0x0000000000000000     0x883a
 *(.debug_info)
 .debug_info    0x0000000000000000      0xab1 USBpwm.o
 .debug_info    0x0000000000000ab1      0x775 Descriptors.o
 .debug_info    0x0000000000001226       0xce ../../LUFA/Drivers/USB/Core/AVR8/Device_AVR8.o
 .debug_info    0x00000000000012f4      0x5fd ../../LUFA/Drivers/USB/Core/AVR8/Endpoint_AVR8.o
 .debug_info    0x00000000000018f1       0x62 ../../LUFA/Drivers/USB/Core/AVR8/Host_AVR8.o
 .debug_info    0x0000000000001953       0x62 ../../LUFA/Drivers/USB/Core/AVR8/Pipe_AVR8.o
 .debug_info    0x00000000000019b5      0x408 ../../LUFA/Drivers/USB/Core/AVR8/USBController_AVR8.o
 .debug_info    0x0000000000001dbd      0x658 ../../LUFA/Drivers/USB/Core/AVR8/USBInterrupt_AVR8.o
 .debug_info    0x0000000000002415     0x1557 ../../LUFA/Drivers/USB/Core/AVR8/EndpointStream_AVR8.o
 .debug_info    0x000000000000396c       0x62 ../../LUFA/Drivers/USB/Core/AVR8/PipeStream_AVR8.o
 .debug_info    0x00000000000039ce      0x382 ../../LUFA/Drivers/USB/Core/ConfigDescriptors.o
 .debug_info    0x0000000000003d50      0x9ac ../../LUFA/Drivers/USB/Core/DeviceStandardReq.o
 .debug_info    0x00000000000046fc       0x7b ../../LUFA/Drivers/USB/Core/Events.o
 .debug_info    0x0000000000004777       0x29 ../../LUFA/Drivers/USB/Core/HostStandardReq.o
 .debug_info    0x00000000000047a0      0x23d ../../LUFA/Drivers/USB/Core/USBTask.o
 .debug_info    0x00000000000049dd      0x6fe ../../LUFA/Drivers/USB/Class/Common/HIDParser.o
 .debug_info    0x00000000000050db      0x57f ../../LUFA/Drivers/USB/Class/Device/AudioClassDevice.o
 .debug_info    0x000000000000565a      0xbf7 ../../LUFA/Drivers/USB/Class/Device/CDCClassDevice.o
 .debug_info    0x0000000000006251      0x670 ../../LUFA/Drivers/USB/Class/Device/HIDClassDevice.o
 .debug_info    0x00000000000068c1      0x7c0 ../../LUFA/Drivers/USB/Class/Device/MassStorageClassDevice.o
 .debug_info    0x0000000000007081      0x47d ../../LUFA/Drivers/USB/Class/Device/MIDIClassDevice.o
 .debug_info    0x00000000000074fe      0xeba ../../LUFA/Drivers/USB/Class/Device/RNDISClassDevice.o
 .debug_info    0x00000000000083b8       0x29 ../../LUFA/Drivers/USB/Class/Host/AndroidAccessoryClassHost.o
 .debug_info    0x00000000000083e1       0x29 ../../LUFA/Drivers/USB/Class/Host/AudioClassHost.o
 .debug_info    0x000000000000840a       0x29 ../../LUFA/Drivers/USB/Class/Host/CDCClassHost.o
 .debug_info    0x0000000000008433       0x29 ../../LUFA/Drivers/USB/Class/Host/HIDClassHost.o
 .debug_info    0x000000000000845c       0x29 ../../LUFA/Drivers/USB/Class/Host/MassStorageClassHost.o
 .debug_info    0x0000000000008485       0x29 ../../LUFA/Drivers/USB/Class/Host/MIDIClassHost.o
 .debug_info    0x00000000000084ae       0x29 ../../LUFA/Drivers/USB/Class/Host/PrinterClassHost.o
 .debug_info    0x00000000000084d7       0x29 ../../LUFA/Drivers/USB/Class/Host/RNDISClassHost.o
 .debug_info    0x0000000000008500       0x29 ../../LUFA/Drivers/USB/Class/Host/StillImageClassHost.o
 .debug_info    0x0000000000008529       0x9d /opt/cross/avr/lib64/gcc/avr/4.6.2/avr35/libgcc.a(_mulhi3.o)
 .debug_info    0x00000000000085c6       0x9d /opt/cross/avr/lib64/gcc/avr/4.6.2/avr35/libgcc.a(_udivmodqi4.o)
 .debug_info    0x0000000000008663       0x9d /opt/cross/avr/lib64/gcc/avr/4.6.2/avr35/libgcc.a(_exit.o)
 .debug_info    0x0000000000008700       0x9d /opt/cross/avr/lib64/gcc/avr/4.6.2/avr35/libgcc.a(_copy_data.o)
 .debug_info    0x000000000000879d       0x9d /opt/cross/avr/lib64/gcc/avr/4.6.2/avr35/libgcc.a(_clear_bss.o)
 *(.gnu.linkonce.wi.*)

.debug_abbrev   0x0000000000000000     0x219e
 *(.debug_abbrev)
 .debug_abbrev  0x0000000000000000      0x37f USBpwm.o
 .debug_abbrev  0x000000000000037f      0x146 Descriptors.o
 .debug_abbrev  0x00000000000004c5       0x7f ../../LUFA/Drivers/USB/Core/AVR8/Device_AVR8.o
 .debug_abbrev  0x0000000000000544      0x209 ../../LUFA/Drivers/USB/Core/AVR8/Endpoint_AVR8.o
 .debug_abbrev  0x000000000000074d       0x2c ../../LUFA/Drivers/USB/Core/AVR8/Host_AVR8.o
 .debug_abbrev  0x0000000000000779       0x2c ../../LUFA/Drivers/USB/Core/AVR8/Pipe_AVR8.o
 .debug_abbrev  0x00000000000007a5      0x14f ../../LUFA/Drivers/USB/Core/AVR8/USBController_AVR8.o
 .debug_abbrev  0x00000000000008f4      0x1e4 ../../LUFA/Drivers/USB/Core/AVR8/USBInterrupt_AVR8.o
 .debug_abbrev  0x0000000000000ad8      0x1c4 ../../LUFA/Drivers/USB/Core/AVR8/EndpointStream_AVR8.o
 .debug_abbrev  0x0000000000000c9c       0x2c ../../LUFA/Drivers/USB/Core/AVR8/PipeStream_AVR8.o
 .debug_abbrev  0x0000000000000cc8      0x14a ../../LUFA/Drivers/USB/Core/ConfigDescriptors.o
 .debug_abbrev  0x0000000000000e12      0x206 ../../LUFA/Drivers/USB/Core/DeviceStandardReq.o
 .debug_abbrev  0x0000000000001018       0x43 ../../LUFA/Drivers/USB/Core/Events.o
 .debug_abbrev  0x000000000000105b       0x16 ../../LUFA/Drivers/USB/Core/HostStandardReq.o
 .debug_abbrev  0x0000000000001071      0x152 ../../LUFA/Drivers/USB/Core/USBTask.o
 .debug_abbrev  0x00000000000011c3      0x1ee ../../LUFA/Drivers/USB/Class/Common/HIDParser.o
 .debug_abbrev  0x00000000000013b1      0x171 ../../LUFA/Drivers/USB/Class/Device/AudioClassDevice.o
 .debug_abbrev  0x0000000000001522      0x347 ../../LUFA/Drivers/USB/Class/Device/CDCClassDevice.o
 .debug_abbrev  0x0000000000001869      0x1b7 ../../LUFA/Drivers/USB/Class/Device/HIDClassDevice.o
 .debug_abbrev  0x0000000000001a20      0x207 ../../LUFA/Drivers/USB/Class/Device/MassStorageClassDevice.o
 .debug_abbrev  0x0000000000001c27      0x187 ../../LUFA/Drivers/USB/Class/Device/MIDIClassDevice.o
 .debug_abbrev  0x0000000000001dae      0x2c6 ../../LUFA/Drivers/USB/Class/Device/RNDISClassDevice.o
 .debug_abbrev  0x0000000000002074       0x16 ../../LUFA/Drivers/USB/Class/Host/AndroidAccessoryClassHost.o
 .debug_abbrev  0x000000000000208a       0x16 ../../LUFA/Drivers/USB/Class/Host/AudioClassHost.o
 .debug_abbrev  0x00000000000020a0       0x16 ../../LUFA/Drivers/USB/Class/Host/CDCClassHost.o
 .debug_abbrev  0x00000000000020b6       0x16 ../../LUFA/Drivers/USB/Class/Host/HIDClassHost.o
 .debug_abbrev  0x00000000000020cc       0x16 ../../LUFA/Drivers/USB/Class/Host/MassStorageClassHost.o
 .debug_abbrev  0x00000000000020e2       0x16 ../../LUFA/Drivers/USB/Class/Host/MIDIClassHost.o
 .debug_abbrev  0x00000000000020f8       0x16 ../../LUFA/Drivers/USB/Class/Host/PrinterClassHost.o
 .debug_abbrev  0x000000000000210e       0x16 ../../LUFA/Drivers/USB/Class/Host/RNDISClassHost.o
 .debug_abbrev  0x0000000000002124       0x16 ../../LUFA/Drivers/USB/Class/Host/StillImageClassHost.o
 .debug_abbrev  0x000000000000213a       0x14 /opt/cross/avr/lib64/gcc/avr/4.6.2/avr35/libgcc.a(_mulhi3.o)
 .debug_abbrev  0x000000000000214e       0x14 /opt/cross/avr/lib64/gcc/avr/4.6.2/avr35/libgcc.a(_udivmodqi4.o)
 .debug_abbrev  0x0000000000002162       0x14 /opt/cross/avr/lib64/gcc/avr/4.6.2/avr35/libgcc.a(_exit.o)
 .debug_abbrev  0x0000000000002176       0x14 /opt/cross/avr/lib64/gcc/avr/4.6.2/avr35/libgcc.a(_copy_data.o)
 .debug_abbrev  0x000000000000218a       0x14 /opt/cross/avr/lib64/gcc/avr/4.6.2/avr35/libgcc.a(_clear_bss.o)

.debug_line     0x0000000000000000     0xd187
 *(.debug_line)
 .debug_line    0x0000000000000000     0x1040 USBpwm.o
 .debug_line    0x0000000000001040      0xb27 Descriptors.o
 .debug_line    0x0000000000001b67      0x7bb ../../LUFA/Drivers/USB/Core/AVR8/Device_AVR8.o
 .debug_line    0x0000000000002322      0x932 ../../LUFA/Drivers/USB/Core/AVR8/Endpoint_AVR8.o
 .debug_line    0x0000000000002c54      0x36c ../../LUFA/Drivers/USB/Core/AVR8/Host_AVR8.o
 .debug_line    0x0000000000002fc0      0x36c ../../LUFA/Drivers/USB/Core/AVR8/Pipe_AVR8.o
 .debug_line    0x000000000000332c      0x6fb ../../LUFA/Drivers/USB/Core/AVR8/USBController_AVR8.o
 .debug_line    0x0000000000003a27      0x8bf ../../LUFA/Drivers/USB/Core/AVR8/USBInterrupt_AVR8.o
 .debug_line    0x00000000000042e6     0x11ae ../../LUFA/Drivers/USB/Core/AVR8/EndpointStream_AVR8.o
 .debug_line    0x0000000000005494      0x372 ../../LUFA/Drivers/USB/Core/AVR8/PipeStream_AVR8.o
 .debug_line    0x0000000000005806      0x6f0 ../../LUFA/Drivers/USB/Core/ConfigDescriptors.o
 .debug_line    0x0000000000005ef6      0x7cd ../../LUFA/Drivers/USB/Core/DeviceStandardReq.o
 .debug_line    0x00000000000066c3      0x354 ../../LUFA/Drivers/USB/Core/Events.o
 .debug_line    0x0000000000006a17       0x5b ../../LUFA/Drivers/USB/Core/HostStandardReq.o
 .debug_line    0x0000000000006a72      0x68f ../../LUFA/Drivers/USB/Core/USBTask.o
 .debug_line    0x0000000000007101      0x5bd ../../LUFA/Drivers/USB/Class/Common/HIDParser.o
 .debug_line    0x00000000000076be      0xd24 ../../LUFA/Drivers/USB/Class/Device/AudioClassDevice.o
 .debug_line    0x00000000000083e2      0xf67 ../../LUFA/Drivers/USB/Class/Device/CDCClassDevice.o
 .debug_line    0x0000000000009349      0xdb4 ../../LUFA/Drivers/USB/Class/Device/HIDClassDevice.o
 .debug_line    0x000000000000a0fd      0xdc7 ../../LUFA/Drivers/USB/Class/Device/MassStorageClassDevice.o
 .debug_line    0x000000000000aec4      0xd4d ../../LUFA/Drivers/USB/Class/Device/MIDIClassDevice.o
 .debug_line    0x000000000000bc11      0xe38 ../../LUFA/Drivers/USB/Class/Device/RNDISClassDevice.o
 .debug_line    0x000000000000ca49       0x98 ../../LUFA/Drivers/USB/Class/Host/AndroidAccessoryClassHost.o
 .debug_line    0x000000000000cae1       0x8d ../../LUFA/Drivers/USB/Class/Host/AudioClassHost.o
 .debug_line    0x000000000000cb6e       0x8b ../../LUFA/Drivers/USB/Class/Host/CDCClassHost.o
 .debug_line    0x000000000000cbf9       0x8b ../../LUFA/Drivers/USB/Class/Host/HIDClassHost.o
 .debug_line    0x000000000000cc84       0x93 ../../LUFA/Drivers/USB/Class/Host/MassStorageClassHost.o
 .debug_line    0x000000000000cd17       0x8c ../../LUFA/Drivers/USB/Class/Host/MIDIClassHost.o
 .debug_line    0x000000000000cda3       0x8f ../../LUFA/Drivers/USB/Class/Host/PrinterClassHost.o
 .debug_line    0x000000000000ce32       0x8d ../../LUFA/Drivers/USB/Class/Host/RNDISClassHost.o
 .debug_line    0x000000000000cebf       0x92 ../../LUFA/Drivers/USB/Class/Host/StillImageClassHost.o
 .debug_line    0x000000000000cf51       0x79 /opt/cross/avr/lib64/gcc/avr/4.6.2/avr35/libgcc.a(_mulhi3.o)
 .debug_line    0x000000000000cfca       0x73 /opt/cross/avr/lib64/gcc/avr/4.6.2/avr35/libgcc.a(_udivmodqi4.o)
 .debug_line    0x000000000000d03d       0x69 /opt/cross/avr/lib64/gcc/avr/4.6.2/avr35/libgcc.a(_exit.o)
 .debug_line    0x000000000000d0a6       0x72 /opt/cross/avr/lib64/gcc/avr/4.6.2/avr35/libgcc.a(_copy_data.o)
 .debug_line    0x000000000000d118       0x6f /opt/cross/avr/lib64/gcc/avr/4.6.2/avr35/libgcc.a(_clear_bss.o)

.debug_frame    0x0000000000000000      0xe84
 *(.debug_frame)
 .debug_frame   0x0000000000000000      0x158 USBpwm.o
 .debug_frame   0x0000000000000158       0x24 Descriptors.o
 .debug_frame   0x000000000000017c       0x24 ../../LUFA/Drivers/USB/Core/AVR8/Device_AVR8.o
 .debug_frame   0x00000000000001a0       0x78 ../../LUFA/Drivers/USB/Core/AVR8/Endpoint_AVR8.o
 .debug_frame   0x0000000000000218       0x44 ../../LUFA/Drivers/USB/Core/AVR8/USBController_AVR8.o
 .debug_frame   0x000000000000025c       0xe8 ../../LUFA/Drivers/USB/Core/AVR8/USBInterrupt_AVR8.o
 .debug_frame   0x0000000000000344      0x40c ../../LUFA/Drivers/USB/Core/AVR8/EndpointStream_AVR8.o
 .debug_frame   0x0000000000000750       0xbc ../../LUFA/Drivers/USB/Core/ConfigDescriptors.o
 .debug_frame   0x000000000000080c       0x3c ../../LUFA/Drivers/USB/Core/DeviceStandardReq.o
 .debug_frame   0x0000000000000848       0x24 ../../LUFA/Drivers/USB/Core/Events.o
 .debug_frame   0x000000000000086c       0x2c ../../LUFA/Drivers/USB/Core/USBTask.o
 .debug_frame   0x0000000000000898      0x110 ../../LUFA/Drivers/USB/Class/Common/HIDParser.o
 .debug_frame   0x00000000000009a8       0xa8 ../../LUFA/Drivers/USB/Class/Device/AudioClassDevice.o
 .debug_frame   0x0000000000000a50      0x158 ../../LUFA/Drivers/USB/Class/Device/CDCClassDevice.o
 .debug_frame   0x0000000000000ba8       0xf4 ../../LUFA/Drivers/USB/Class/Device/HIDClassDevice.o
 .debug_frame   0x0000000000000c9c       0x80 ../../LUFA/Drivers/USB/Class/Device/MassStorageClassDevice.o
 .debug_frame   0x0000000000000d1c       0x70 ../../LUFA/Drivers/USB/Class/Device/MIDIClassDevice.o
 .debug_frame   0x0000000000000d8c       0xf8 ../../LUFA/Drivers/USB/Class/Device/RNDISClassDevice.o

.debug_str      0x0000000000000000     0x3884
 *(.debug_str)
 .debug_str     0x0000000000000000      0x51a USBpwm.o
                                        0x5ac (size before relaxing)
 .debug_str     0x000000000000051a      0x8a8 Descriptors.o
                                        0x9dd (size before relaxing)
 .debug_str     0x0000000000000dc2       0x77 ../../LUFA/Drivers/USB/Core/AVR8/Device_AVR8.o
                                        0x120 (size before relaxing)
 .debug_str     0x0000000000000e39      0x36e ../../LUFA/Drivers/USB/Core/AVR8/Endpoint_AVR8.o
                                        0x532 (size before relaxing)
 .debug_str     0x00000000000011a7       0x2d ../../LUFA/Drivers/USB/Core/AVR8/Host_AVR8.o
                                         0xc8 (size before relaxing)
 .debug_str     0x00000000000011d4       0x2d ../../LUFA/Drivers/USB/Core/AVR8/Pipe_AVR8.o
                                         0xc8 (size before relaxing)
 .debug_str     0x0000000000001201      0x209 ../../LUFA/Drivers/USB/Core/AVR8/USBController_AVR8.o
                                        0x3f1 (size before relaxing)
 .debug_str     0x000000000000140a      0x129 ../../LUFA/Drivers/USB/Core/AVR8/USBInterrupt_AVR8.o
                                        0x3f3 (size before relaxing)
 .debug_str     0x0000000000001533      0x4fd ../../LUFA/Drivers/USB/Core/AVR8/EndpointStream_AVR8.o
                                        0x736 (size before relaxing)
 .debug_str     0x0000000000001a30       0x33 ../../LUFA/Drivers/USB/Core/AVR8/PipeStream_AVR8.o
                                         0xce (size before relaxing)
 .debug_str     0x0000000000001a63      0x227 ../../LUFA/Drivers/USB/Core/ConfigDescriptors.o
                                        0x308 (size before relaxing)
 .debug_str     0x0000000000001c8a      0x393 ../../LUFA/Drivers/USB/Core/DeviceStandardReq.o
                                        0x80c (size before relaxing)
 .debug_str     0x000000000000201d       0x34 ../../LUFA/Drivers/USB/Core/Events.o
                                         0xcf (size before relaxing)
 .debug_str     0x0000000000002051       0x2e ../../LUFA/Drivers/USB/Core/HostStandardReq.o
                                         0x62 (size before relaxing)
 .debug_str     0x000000000000207f       0x4e ../../LUFA/Drivers/USB/Core/USBTask.o
                                        0x276 (size before relaxing)
 .debug_str     0x00000000000020cd      0x47c ../../LUFA/Drivers/USB/Class/Common/HIDParser.o
                                        0x5bd (size before relaxing)
 .debug_str     0x0000000000002549      0x239 ../../LUFA/Drivers/USB/Class/Device/AudioClassDevice.o
                                        0x4f6 (size before relaxing)
 .debug_str     0x0000000000002782      0x2fa ../../LUFA/Drivers/USB/Class/Device/CDCClassDevice.o
                                        0x8aa (size before relaxing)
 .debug_str     0x0000000000002a7c      0x1ed ../../LUFA/Drivers/USB/Class/Device/HIDClassDevice.o
                                        0x525 (size before relaxing)
 .debug_str     0x0000000000002c69      0x23d ../../LUFA/Drivers/USB/Class/Device/MassStorageClassDevice.o
                                        0x686 (size before relaxing)
 .debug_str     0x0000000000002ea6      0x118 ../../LUFA/Drivers/USB/Class/Device/MIDIClassDevice.o
                                        0x4fa (size before relaxing)
 .debug_str     0x0000000000002fbe      0x6e8 ../../LUFA/Drivers/USB/Class/Device/RNDISClassDevice.o
                                        0xbbe (size before relaxing)
 .debug_str     0x00000000000036a6       0x3e ../../LUFA/Drivers/USB/Class/Host/AndroidAccessoryClassHost.o
                                         0x72 (size before relaxing)
 .debug_str     0x00000000000036e4       0x33 ../../LUFA/Drivers/USB/Class/Host/AudioClassHost.o
                                         0x67 (size before relaxing)
 .debug_str     0x0000000000003717       0x31 ../../LUFA/Drivers/USB/Class/Host/CDCClassHost.o
                                         0x65 (size before relaxing)
 .debug_str     0x0000000000003748       0x31 ../../LUFA/Drivers/USB/Class/Host/HIDClassHost.o
                                         0x65 (size before relaxing)
 .debug_str     0x0000000000003779       0x39 ../../LUFA/Drivers/USB/Class/Host/MassStorageClassHost.o
                                         0x6d (size before relaxing)
 .debug_str     0x00000000000037b2       0x32 ../../LUFA/Drivers/USB/Class/Host/MIDIClassHost.o
                                         0x66 (size before relaxing)
 .debug_str     0x00000000000037e4       0x35 ../../LUFA/Drivers/USB/Class/Host/PrinterClassHost.o
                                         0x69 (size before relaxing)
 .debug_str     0x0000000000003819       0x33 ../../LUFA/Drivers/USB/Class/Host/RNDISClassHost.o
                                         0x67 (size before relaxing)
 .debug_str     0x000000000000384c       0x38 ../../LUFA/Drivers/USB/Class/Host/StillImageClassHost.o
                                         0x6c (size before relaxing)

.debug_loc      0x0000000000000000     0x5356
 *(.debug_loc)
 .debug_loc     0x0000000000000000      0x37a USBpwm.o
 .debug_loc     0x000000000000037a      0x142 Descriptors.o
 .debug_loc     0x00000000000004bc      0x356 ../../LUFA/Drivers/USB/Core/AVR8/Endpoint_AVR8.o
 .debug_loc     0x0000000000000812      0x30b ../../LUFA/Drivers/USB/Core/AVR8/USBInterrupt_AVR8.o
 .debug_loc     0x0000000000000b1d     0x1c99 ../../LUFA/Drivers/USB/Core/AVR8/EndpointStream_AVR8.o
 .debug_loc     0x00000000000027b6      0x433 ../../LUFA/Drivers/USB/Core/ConfigDescriptors.o
 .debug_loc     0x0000000000002be9      0x2d6 ../../LUFA/Drivers/USB/Core/DeviceStandardReq.o
 .debug_loc     0x0000000000002ebf       0x49 ../../LUFA/Drivers/USB/Core/USBTask.o
 .debug_loc     0x0000000000002f08      0xa93 ../../LUFA/Drivers/USB/Class/Common/HIDParser.o
 .debug_loc     0x000000000000399b      0x286 ../../LUFA/Drivers/USB/Class/Device/AudioClassDevice.o
 .debug_loc     0x0000000000003c21      0x620 ../../LUFA/Drivers/USB/Class/Device/CDCClassDevice.o
 .debug_loc     0x0000000000004241      0x45b ../../LUFA/Drivers/USB/Class/Device/HIDClassDevice.o
 .debug_loc     0x000000000000469c      0x22c ../../LUFA/Drivers/USB/Class/Device/MassStorageClassDevice.o
 .debug_loc     0x00000000000048c8      0x201 ../../LUFA/Drivers/USB/Class/Device/MIDIClassDevice.o
 .debug_loc     0x0000000000004ac9      0x88d ../../LUFA/Drivers/USB/Class/Device/RNDISClassDevice.o

.debug_macinfo  0x0000000000000000   0x139f9c
 *(.debug_macinfo)
 .debug_macinfo
                0x0000000000000000    0x13183 USBpwm.o
 .debug_macinfo
                0x0000000000013183    0x1200d Descriptors.o
 .debug_macinfo
                0x0000000000025190     0xbb38 ../../LUFA/Drivers/USB/Core/AVR8/Device_AVR8.o
 .debug_macinfo
                0x0000000000030cc8     0xbb40 ../../LUFA/Drivers/USB/Core/AVR8/Endpoint_AVR8.o
 .debug_macinfo
                0x000000000003c808     0xafe5 ../../LUFA/Drivers/USB/Core/AVR8/Host_AVR8.o
 .debug_macinfo
                0x00000000000477ed     0xafe5 ../../LUFA/Drivers/USB/Core/AVR8/Pipe_AVR8.o
 .debug_macinfo
                0x00000000000527d2     0xbb3b ../../LUFA/Drivers/USB/Core/AVR8/USBController_AVR8.o
 .debug_macinfo
                0x000000000005e30d     0xbb2c ../../LUFA/Drivers/USB/Core/AVR8/USBInterrupt_AVR8.o
 .debug_macinfo
                0x0000000000069e39     0xda17 ../../LUFA/Drivers/USB/Core/AVR8/EndpointStream_AVR8.o
 .debug_macinfo
                0x0000000000077850     0xafe5 ../../LUFA/Drivers/USB/Core/AVR8/PipeStream_AVR8.o
 .debug_macinfo
                0x0000000000082835     0xbcbc ../../LUFA/Drivers/USB/Core/ConfigDescriptors.o
 .debug_macinfo
                0x000000000008e4f1     0xbb13 ../../LUFA/Drivers/USB/Core/DeviceStandardReq.o
 .debug_macinfo
                0x000000000009a004     0xb017 ../../LUFA/Drivers/USB/Core/Events.o
 .debug_macinfo
                0x00000000000a501b     0x16b5 ../../LUFA/Drivers/USB/Core/HostStandardReq.o
 .debug_macinfo
                0x00000000000a66d0     0xbb40 ../../LUFA/Drivers/USB/Core/USBTask.o
 .debug_macinfo
                0x00000000000b2210     0xf10e ../../LUFA/Drivers/USB/Class/Common/HIDParser.o
 .debug_macinfo
                0x00000000000c131e    0x12004 ../../LUFA/Drivers/USB/Class/Device/AudioClassDevice.o
 .debug_macinfo
                0x00000000000d3322    0x12000 ../../LUFA/Drivers/USB/Class/Device/CDCClassDevice.o
 .debug_macinfo
                0x00000000000e5322    0x12004 ../../LUFA/Drivers/USB/Class/Device/HIDClassDevice.o
 .debug_macinfo
                0x00000000000f7326    0x1200b ../../LUFA/Drivers/USB/Class/Device/MassStorageClassDevice.o
 .debug_macinfo
                0x0000000000109331    0x12006 ../../LUFA/Drivers/USB/Class/Device/MIDIClassDevice.o
 .debug_macinfo
                0x000000000011b337    0x12008 ../../LUFA/Drivers/USB/Class/Device/RNDISClassDevice.o
 .debug_macinfo
                0x000000000012d33f     0x16b5 ../../LUFA/Drivers/USB/Class/Host/AndroidAccessoryClassHost.o
 .debug_macinfo
                0x000000000012e9f4     0x16b5 ../../LUFA/Drivers/USB/Class/Host/AudioClassHost.o
 .debug_macinfo
                0x00000000001300a9     0x16b5 ../../LUFA/Drivers/USB/Class/Host/CDCClassHost.o
 .debug_macinfo
                0x000000000013175e     0x16b5 ../../LUFA/Drivers/USB/Class/Host/HIDClassHost.o
 .debug_macinfo
                0x0000000000132e13     0x16b5 ../../LUFA/Drivers/USB/Class/Host/MassStorageClassHost.o
 .debug_macinfo
                0x00000000001344c8     0x16b5 ../../LUFA/Drivers/USB/Class/Host/MIDIClassHost.o
 .debug_macinfo
                0x0000000000135b7d     0x16b5 ../../LUFA/Drivers/USB/Class/Host/PrinterClassHost.o
 .debug_macinfo
                0x0000000000137232     0x16b5 ../../LUFA/Drivers/USB/Class/Host/RNDISClassHost.o
 .debug_macinfo
                0x00000000001388e7     0x16b5 ../../LUFA/Drivers/USB/Class/Host/StillImageClassHost.o

.debug_pubtypes
 *(.debug_pubtypes)

.debug_ranges   0x0000000000000000      0x770
 *(.debug_ranges)
 .debug_ranges  0x0000000000000000       0x90 USBpwm.o
 .debug_ranges  0x0000000000000090       0x10 Descriptors.o
 .debug_ranges  0x00000000000000a0       0x10 ../../LUFA/Drivers/USB/Core/AVR8/Device_AVR8.o
 .debug_ranges  0x00000000000000b0       0xa8 ../../LUFA/Drivers/USB/Core/AVR8/Endpoint_AVR8.o
 .debug_ranges  0x0000000000000158       0x20 ../../LUFA/Drivers/USB/Core/AVR8/USBController_AVR8.o
 .debug_ranges  0x0000000000000178       0x28 ../../LUFA/Drivers/USB/Core/AVR8/USBInterrupt_AVR8.o
 .debug_ranges  0x00000000000001a0      0x318 ../../LUFA/Drivers/USB/Core/AVR8/EndpointStream_AVR8.o
 .debug_ranges  0x00000000000004b8       0x28 ../../LUFA/Drivers/USB/Core/ConfigDescriptors.o
 .debug_ranges  0x00000000000004e0       0x10 ../../LUFA/Drivers/USB/Core/DeviceStandardReq.o
 .debug_ranges  0x00000000000004f0       0x10 ../../LUFA/Drivers/USB/Core/Events.o
 .debug_ranges  0x0000000000000500       0x10 ../../LUFA/Drivers/USB/Core/USBTask.o
 .debug_ranges  0x0000000000000510       0xc8 ../../LUFA/Drivers/USB/Class/Common/HIDParser.o
 .debug_ranges  0x00000000000005d8       0x20 ../../LUFA/Drivers/USB/Class/Device/AudioClassDevice.o
 .debug_ranges  0x00000000000005f8       0x88 ../../LUFA/Drivers/USB/Class/Device/CDCClassDevice.o
 .debug_ranges  0x0000000000000680       0x20 ../../LUFA/Drivers/USB/Class/Device/HIDClassDevice.o
 .debug_ranges  0x00000000000006a0       0x20 ../../LUFA/Drivers/USB/Class/Device/MassStorageClassDevice.o
 .debug_ranges  0x00000000000006c0       0x30 ../../LUFA/Drivers/USB/Class/Device/MIDIClassDevice.o
 .debug_ranges  0x00000000000006f0       0x80 ../../LUFA/Drivers/USB/Class/Device/RNDISClassDevice.o

.debug_macro
 *(.debug_macro)
OUTPUT(USBpwm.elf elf32-avr)
LOAD linker stubs

Cross Reference Table

Symbol                                            File
Audio_Device_ConfigureEndpoints                   ../../LUFA/Drivers/USB/Class/Device/AudioClassDevice.o
Audio_Device_Event_Stub                           ../../LUFA/Drivers/USB/Class/Device/AudioClassDevice.o
Audio_Device_ProcessControlRequest                ../../LUFA/Drivers/USB/Class/Device/AudioClassDevice.o
CALLBACK_Audio_Device_GetSetEndpointProperty      ../../LUFA/Drivers/USB/Class/Device/AudioClassDevice.o
CALLBACK_Audio_Device_GetSetInterfaceProperty     ../../LUFA/Drivers/USB/Class/Device/AudioClassDevice.o
CALLBACK_HIDParser_FilterHIDReportItem            ../../LUFA/Drivers/USB/Class/Common/HIDParser.o
CALLBACK_HID_Device_CreateHIDReport               ../../LUFA/Drivers/USB/Class/Device/HIDClassDevice.o
CALLBACK_HID_Device_ProcessHIDReport              ../../LUFA/Drivers/USB/Class/Device/HIDClassDevice.o
CALLBACK_MS_Device_SCSICommandReceived            ../../LUFA/Drivers/USB/Class/Device/MassStorageClassDevice.o
CALLBACK_USB_GetDescriptor                        Descriptors.o
                                                  ../../LUFA/Drivers/USB/Core/DeviceStandardReq.o
CDC_Device_BytesReceived                          ../../LUFA/Drivers/USB/Class/Device/CDCClassDevice.o
CDC_Device_ConfigureEndpoints                     ../../LUFA/Drivers/USB/Class/Device/CDCClassDevice.o
                                                  USBpwm.o
CDC_Device_CreateBlockingStream                   ../../LUFA/Drivers/USB/Class/Device/CDCClassDevice.o
CDC_Device_CreateStream                           ../../LUFA/Drivers/USB/Class/Device/CDCClassDevice.o
CDC_Device_Event_Stub                             ../../LUFA/Drivers/USB/Class/Device/CDCClassDevice.o
CDC_Device_Flush                                  ../../LUFA/Drivers/USB/Class/Device/CDCClassDevice.o
CDC_Device_ProcessControlRequest                  ../../LUFA/Drivers/USB/Class/Device/CDCClassDevice.o
                                                  USBpwm.o
CDC_Device_ReceiveByte                            ../../LUFA/Drivers/USB/Class/Device/CDCClassDevice.o
                                                  USBpwm.o
CDC_Device_SendByte                               ../../LUFA/Drivers/USB/Class/Device/CDCClassDevice.o
                                                  USBpwm.o
CDC_Device_SendControlLineStateChange             ../../LUFA/Drivers/USB/Class/Device/CDCClassDevice.o
CDC_Device_SendData                               ../../LUFA/Drivers/USB/Class/Device/CDCClassDevice.o
CDC_Device_SendString                             ../../LUFA/Drivers/USB/Class/Device/CDCClassDevice.o
CDC_Device_USBTask                                ../../LUFA/Drivers/USB/Class/Device/CDCClassDevice.o
                                                  USBpwm.o
ConfigurationDescriptor                           Descriptors.o
DeviceDescriptor                                  Descriptors.o
EVENT_Audio_Device_StreamStartStop                ../../LUFA/Drivers/USB/Class/Device/AudioClassDevice.o
EVENT_CDC_Device_BreakSent                        ../../LUFA/Drivers/USB/Class/Device/CDCClassDevice.o
EVENT_CDC_Device_ControLineStateChanged           ../../LUFA/Drivers/USB/Class/Device/CDCClassDevice.o
EVENT_CDC_Device_LineEncodingChanged              USBpwm.o
EVENT_USB_Device_ConfigurationChanged             USBpwm.o
                                                  ../../LUFA/Drivers/USB/Core/DeviceStandardReq.o
EVENT_USB_Device_Connect                          USBpwm.o
                                                  ../../LUFA/Drivers/USB/Core/AVR8/USBInterrupt_AVR8.o
EVENT_USB_Device_ControlRequest                   USBpwm.o
                                                  ../../LUFA/Drivers/USB/Core/DeviceStandardReq.o
EVENT_USB_Device_Disconnect                       USBpwm.o
                                                  ../../LUFA/Drivers/USB/Core/AVR8/USBInterrupt_AVR8.o
EVENT_USB_Device_Reset                            ../../LUFA/Drivers/USB/Core/Events.o
                                                  ../../LUFA/Drivers/USB/Core/AVR8/USBInterrupt_AVR8.o
EVENT_USB_Device_StartOfFrame                     ../../LUFA/Drivers/USB/Core/Events.o
                                                  ../../LUFA/Drivers/USB/Core/AVR8/USBInterrupt_AVR8.o
EVENT_USB_Device_Suspend                          ../../LUFA/Drivers/USB/Core/Events.o
EVENT_USB_Device_WakeUp                           ../../LUFA/Drivers/USB/Core/Events.o
Endpoint_ClearEndpoints                           ../../LUFA/Drivers/USB/Core/AVR8/Endpoint_AVR8.o
Endpoint_ClearStatusStage                         ../../LUFA/Drivers/USB/Core/AVR8/Endpoint_AVR8.o
                                                  ../../LUFA/Drivers/USB/Class/Device/MassStorageClassDevice.o
                                                  ../../LUFA/Drivers/USB/Class/Device/HIDClassDevice.o
                                                  ../../LUFA/Drivers/USB/Class/Device/CDCClassDevice.o
                                                  ../../LUFA/Drivers/USB/Class/Device/AudioClassDevice.o
                                                  ../../LUFA/Drivers/USB/Core/DeviceStandardReq.o
Endpoint_ConfigureEndpointTable                   ../../LUFA/Drivers/USB/Core/AVR8/Endpoint_AVR8.o
                                                  ../../LUFA/Drivers/USB/Class/Device/RNDISClassDevice.o
                                                  ../../LUFA/Drivers/USB/Class/Device/MIDIClassDevice.o
                                                  ../../LUFA/Drivers/USB/Class/Device/MassStorageClassDevice.o
                                                  ../../LUFA/Drivers/USB/Class/Device/HIDClassDevice.o
                                                  ../../LUFA/Drivers/USB/Class/Device/CDCClassDevice.o
                                                  ../../LUFA/Drivers/USB/Class/Device/AudioClassDevice.o
Endpoint_ConfigureEndpoint_Prv                    ../../LUFA/Drivers/USB/Core/AVR8/Endpoint_AVR8.o
                                                  ../../LUFA/Drivers/USB/Core/AVR8/USBInterrupt_AVR8.o
                                                  ../../LUFA/Drivers/USB/Core/AVR8/USBController_AVR8.o
Endpoint_Discard_Stream                           ../../LUFA/Drivers/USB/Core/AVR8/EndpointStream_AVR8.o
Endpoint_Null_Stream                              ../../LUFA/Drivers/USB/Core/AVR8/EndpointStream_AVR8.o
Endpoint_Read_Control_EStream_BE                  ../../LUFA/Drivers/USB/Core/AVR8/EndpointStream_AVR8.o
Endpoint_Read_Control_EStream_LE                  ../../LUFA/Drivers/USB/Core/AVR8/EndpointStream_AVR8.o
Endpoint_Read_Control_Stream_BE                   ../../LUFA/Drivers/USB/Core/AVR8/EndpointStream_AVR8.o
Endpoint_Read_Control_Stream_LE                   ../../LUFA/Drivers/USB/Core/AVR8/EndpointStream_AVR8.o
                                                  ../../LUFA/Drivers/USB/Class/Device/RNDISClassDevice.o
                                                  ../../LUFA/Drivers/USB/Class/Device/HIDClassDevice.o
                                                  ../../LUFA/Drivers/USB/Class/Device/AudioClassDevice.o
Endpoint_Read_EStream_BE                          ../../LUFA/Drivers/USB/Core/AVR8/EndpointStream_AVR8.o
Endpoint_Read_EStream_LE                          ../../LUFA/Drivers/USB/Core/AVR8/EndpointStream_AVR8.o
Endpoint_Read_Stream_BE                           ../../LUFA/Drivers/USB/Core/AVR8/EndpointStream_AVR8.o
Endpoint_Read_Stream_LE                           ../../LUFA/Drivers/USB/Core/AVR8/EndpointStream_AVR8.o
                                                  ../../LUFA/Drivers/USB/Class/Device/RNDISClassDevice.o
                                                  ../../LUFA/Drivers/USB/Class/Device/MIDIClassDevice.o
                                                  ../../LUFA/Drivers/USB/Class/Device/MassStorageClassDevice.o
Endpoint_WaitUntilReady                           ../../LUFA/Drivers/USB/Core/AVR8/Endpoint_AVR8.o
                                                  ../../LUFA/Drivers/USB/Class/Device/RNDISClassDevice.o
                                                  ../../LUFA/Drivers/USB/Class/Device/MIDIClassDevice.o
                                                  ../../LUFA/Drivers/USB/Class/Device/CDCClassDevice.o
                                                  ../../LUFA/Drivers/USB/Core/AVR8/EndpointStream_AVR8.o
Endpoint_Write_Control_EStream_BE                 ../../LUFA/Drivers/USB/Core/AVR8/EndpointStream_AVR8.o
Endpoint_Write_Control_EStream_LE                 ../../LUFA/Drivers/USB/Core/AVR8/EndpointStream_AVR8.o
Endpoint_Write_Control_PStream_BE                 ../../LUFA/Drivers/USB/Core/AVR8/EndpointStream_AVR8.o
Endpoint_Write_Control_PStream_LE                 ../../LUFA/Drivers/USB/Core/AVR8/EndpointStream_AVR8.o
                                                  ../../LUFA/Drivers/USB/Core/DeviceStandardReq.o
Endpoint_Write_Control_Stream_BE                  ../../LUFA/Drivers/USB/Core/AVR8/EndpointStream_AVR8.o
Endpoint_Write_Control_Stream_LE                  ../../LUFA/Drivers/USB/Core/AVR8/EndpointStream_AVR8.o
                                                  ../../LUFA/Drivers/USB/Class/Device/RNDISClassDevice.o
                                                  ../../LUFA/Drivers/USB/Class/Device/HIDClassDevice.o
                                                  ../../LUFA/Drivers/USB/Class/Device/AudioClassDevice.o
                                                  ../../LUFA/Drivers/USB/Core/DeviceStandardReq.o
Endpoint_Write_EStream_BE                         ../../LUFA/Drivers/USB/Core/AVR8/EndpointStream_AVR8.o
Endpoint_Write_EStream_LE                         ../../LUFA/Drivers/USB/Core/AVR8/EndpointStream_AVR8.o
Endpoint_Write_PStream_BE                         ../../LUFA/Drivers/USB/Core/AVR8/EndpointStream_AVR8.o
Endpoint_Write_PStream_LE                         ../../LUFA/Drivers/USB/Core/AVR8/EndpointStream_AVR8.o
Endpoint_Write_Stream_BE                          ../../LUFA/Drivers/USB/Core/AVR8/EndpointStream_AVR8.o
Endpoint_Write_Stream_LE                          ../../LUFA/Drivers/USB/Core/AVR8/EndpointStream_AVR8.o
                                                  ../../LUFA/Drivers/USB/Class/Device/RNDISClassDevice.o
                                                  ../../LUFA/Drivers/USB/Class/Device/MIDIClassDevice.o
                                                  ../../LUFA/Drivers/USB/Class/Device/MassStorageClassDevice.o
                                                  ../../LUFA/Drivers/USB/Class/Device/HIDClassDevice.o
                                                  ../../LUFA/Drivers/USB/Class/Device/CDCClassDevice.o
HID_Device_ConfigureEndpoints                     ../../LUFA/Drivers/USB/Class/Device/HIDClassDevice.o
HID_Device_ProcessControlRequest                  ../../LUFA/Drivers/USB/Class/Device/HIDClassDevice.o
HID_Device_USBTask                                ../../LUFA/Drivers/USB/Class/Device/HIDClassDevice.o
LanguageString                                    Descriptors.o
MIDI_Device_ConfigureEndpoints                    ../../LUFA/Drivers/USB/Class/Device/MIDIClassDevice.o
MIDI_Device_Flush                                 ../../LUFA/Drivers/USB/Class/Device/MIDIClassDevice.o
MIDI_Device_ReceiveEventPacket                    ../../LUFA/Drivers/USB/Class/Device/MIDIClassDevice.o
MIDI_Device_SendEventPacket                       ../../LUFA/Drivers/USB/Class/Device/MIDIClassDevice.o
MIDI_Device_USBTask                               ../../LUFA/Drivers/USB/Class/Device/MIDIClassDevice.o
MS_Device_ConfigureEndpoints                      ../../LUFA/Drivers/USB/Class/Device/MassStorageClassDevice.o
MS_Device_ProcessControlRequest                   ../../LUFA/Drivers/USB/Class/Device/MassStorageClassDevice.o
MS_Device_USBTask                                 ../../LUFA/Drivers/USB/Class/Device/MassStorageClassDevice.o
ManufacturerString                                Descriptors.o
ProductString                                     Descriptors.o
RNDIS_Device_ConfigureEndpoints                   ../../LUFA/Drivers/USB/Class/Device/RNDISClassDevice.o
RNDIS_Device_IsPacketReceived                     ../../LUFA/Drivers/USB/Class/Device/RNDISClassDevice.o
RNDIS_Device_ProcessControlRequest                ../../LUFA/Drivers/USB/Class/Device/RNDISClassDevice.o
RNDIS_Device_ReadPacket                           ../../LUFA/Drivers/USB/Class/Device/RNDISClassDevice.o
RNDIS_Device_SendPacket                           ../../LUFA/Drivers/USB/Class/Device/RNDISClassDevice.o
RNDIS_Device_USBTask                              ../../LUFA/Drivers/USB/Class/Device/RNDISClassDevice.o
SetupHardware                                     USBpwm.o
USB_ControlRequest                                ../../LUFA/Drivers/USB/Class/Device/RNDISClassDevice.o
                                                  ../../LUFA/Drivers/USB/Class/Device/MassStorageClassDevice.o
                                                  ../../LUFA/Drivers/USB/Class/Device/HIDClassDevice.o
                                                  ../../LUFA/Drivers/USB/Class/Device/CDCClassDevice.o
                                                  ../../LUFA/Drivers/USB/Class/Device/AudioClassDevice.o
                                                  ../../LUFA/Drivers/USB/Core/USBTask.o
                                                  ../../LUFA/Drivers/USB/Core/DeviceStandardReq.o
                                                  ../../LUFA/Drivers/USB/Core/AVR8/EndpointStream_AVR8.o
                                                  ../../LUFA/Drivers/USB/Core/AVR8/Endpoint_AVR8.o
USB_Device_ConfigurationNumber                    ../../LUFA/Drivers/USB/Core/DeviceStandardReq.o
                                                  ../../LUFA/Drivers/USB/Core/AVR8/USBInterrupt_AVR8.o
                                                  ../../LUFA/Drivers/USB/Core/AVR8/USBController_AVR8.o
USB_Device_CurrentlySelfPowered                   ../../LUFA/Drivers/USB/Core/DeviceStandardReq.o
                                                  ../../LUFA/Drivers/USB/Core/AVR8/USBController_AVR8.o
USB_Device_ProcessControlRequest                  ../../LUFA/Drivers/USB/Core/DeviceStandardReq.o
                                                  ../../LUFA/Drivers/USB/Core/USBTask.o
                                                  ../../LUFA/Drivers/USB/Core/AVR8/USBInterrupt_AVR8.o
USB_Device_RemoteWakeupEnabled                    ../../LUFA/Drivers/USB/Core/DeviceStandardReq.o
                                                  ../../LUFA/Drivers/USB/Core/AVR8/USBController_AVR8.o
USB_Device_SendRemoteWakeup                       ../../LUFA/Drivers/USB/Core/AVR8/Device_AVR8.o
USB_Disable                                       ../../LUFA/Drivers/USB/Core/AVR8/USBController_AVR8.o
USB_Event_Stub                                    ../../LUFA/Drivers/USB/Core/Events.o
USB_GetHIDReportItemInfo                          ../../LUFA/Drivers/USB/Class/Common/HIDParser.o
USB_GetHIDReportSize                              ../../LUFA/Drivers/USB/Class/Common/HIDParser.o
USB_GetNextDescriptorComp                         ../../LUFA/Drivers/USB/Core/ConfigDescriptors.o
USB_GetNextDescriptorOfType                       ../../LUFA/Drivers/USB/Core/ConfigDescriptors.o
USB_GetNextDescriptorOfTypeAfter                  ../../LUFA/Drivers/USB/Core/ConfigDescriptors.o
USB_GetNextDescriptorOfTypeBefore                 ../../LUFA/Drivers/USB/Core/ConfigDescriptors.o
USB_INT_ClearAllInterrupts                        ../../LUFA/Drivers/USB/Core/AVR8/USBInterrupt_AVR8.o
                                                  ../../LUFA/Drivers/USB/Core/AVR8/USBController_AVR8.o
USB_INT_DisableAllInterrupts                      ../../LUFA/Drivers/USB/Core/AVR8/USBInterrupt_AVR8.o
                                                  ../../LUFA/Drivers/USB/Core/AVR8/USBController_AVR8.o
USB_Init                                          ../../LUFA/Drivers/USB/Core/AVR8/USBController_AVR8.o
                                                  USBpwm.o
USB_IsInitialized                                 ../../LUFA/Drivers/USB/Core/USBTask.o
                                                  ../../LUFA/Drivers/USB/Core/AVR8/USBController_AVR8.o
USB_ProcessHIDReport                              ../../LUFA/Drivers/USB/Class/Common/HIDParser.o
USB_ResetInterface                                ../../LUFA/Drivers/USB/Core/AVR8/USBController_AVR8.o
USB_SetHIDReportItemInfo                          ../../LUFA/Drivers/USB/Class/Common/HIDParser.o
USB_USBTask                                       ../../LUFA/Drivers/USB/Core/USBTask.o
                                                  ../../LUFA/Drivers/USB/Class/Device/CDCClassDevice.o
                                                  USBpwm.o
USB_sendbyte                                      USBpwm.o
USB_sendstring                                    USBpwm.o
USB_sendstring_P                                  USBpwm.o
VirtualSerial_CDC_Interface                       USBpwm.o
__addsf3                                          /opt/cross/avr/lib64/gcc/avr/4.6.2/../../../../avr/lib/avr35/libm.a(addsf3.o)
                                                  /opt/cross/avr/lib64/gcc/avr/4.6.2/../../../../avr/lib/avr35/libm.a(log.o)
__addsf3x                                         /opt/cross/avr/lib64/gcc/avr/4.6.2/../../../../avr/lib/avr35/libm.a(addsf3x.o)
                                                  /opt/cross/avr/lib64/gcc/avr/4.6.2/../../../../avr/lib/avr35/libm.a(addsf3.o)
                                                  /opt/cross/avr/lib64/gcc/avr/4.6.2/../../../../avr/lib/avr35/libm.a(log.o)
                                                  /opt/cross/avr/lib64/gcc/avr/4.6.2/../../../../avr/lib/avr35/libm.a(fp_powser.o)
__bad_interrupt                                   /opt/cross/avr/lib64/gcc/avr/4.6.2/../../../../avr/lib/avr35/crtm32u2.o
__bss_end                                         /opt/cross/avr/lib64/gcc/avr/4.6.2/avr35/libgcc.a(_clear_bss.o)
__bss_start                                       /opt/cross/avr/lib64/gcc/avr/4.6.2/avr35/libgcc.a(_clear_bss.o)
__data_end                                        /opt/cross/avr/lib64/gcc/avr/4.6.2/avr35/libgcc.a(_copy_data.o)
__data_load_start                                 /opt/cross/avr/lib64/gcc/avr/4.6.2/avr35/libgcc.a(_copy_data.o)
__data_start                                      /opt/cross/avr/lib64/gcc/avr/4.6.2/avr35/libgcc.a(_copy_data.o)
__divsf3                                          /opt/cross/avr/lib64/gcc/avr/4.6.2/../../../../avr/lib/avr35/libm.a(divsf3.o)
                                                  /opt/cross/avr/lib64/gcc/avr/4.6.2/../../../../avr/lib/avr35/libm.a(inverse.o)
                                                  USBpwm.o
__divsf3_pse                                      /opt/cross/avr/lib64/gcc/avr/4.6.2/../../../../avr/lib/avr35/libm.a(divsf3x.o)
__divsf3x                                         /opt/cross/avr/lib64/gcc/avr/4.6.2/../../../../avr/lib/avr35/libm.a(divsf3x.o)
                                                  /opt/cross/avr/lib64/gcc/avr/4.6.2/../../../../avr/lib/avr35/libm.a(divsf3.o)
__do_clear_bss                                    /opt/cross/avr/lib64/gcc/avr/4.6.2/avr35/libgcc.a(_clear_bss.o)
                                                  ../../LUFA/Drivers/USB/Class/Host/StillImageClassHost.o
                                                  ../../LUFA/Drivers/USB/Class/Host/RNDISClassHost.o
                                                  ../../LUFA/Drivers/USB/Class/Host/PrinterClassHost.o
                                                  ../../LUFA/Drivers/USB/Class/Host/MIDIClassHost.o
                                                  ../../LUFA/Drivers/USB/Class/Host/MassStorageClassHost.o
                                                  ../../LUFA/Drivers/USB/Class/Host/HIDClassHost.o
                                                  ../../LUFA/Drivers/USB/Class/Host/CDCClassHost.o
                                                  ../../LUFA/Drivers/USB/Class/Host/AudioClassHost.o
                                                  ../../LUFA/Drivers/USB/Class/Host/AndroidAccessoryClassHost.o
                                                  ../../LUFA/Drivers/USB/Class/Device/RNDISClassDevice.o
                                                  ../../LUFA/Drivers/USB/Class/Device/MIDIClassDevice.o
                                                  ../../LUFA/Drivers/USB/Class/Device/MassStorageClassDevice.o
                                                  ../../LUFA/Drivers/USB/Class/Device/HIDClassDevice.o
                                                  ../../LUFA/Drivers/USB/Class/Device/CDCClassDevice.o
                                                  ../../LUFA/Drivers/USB/Class/Device/AudioClassDevice.o
                                                  ../../LUFA/Drivers/USB/Class/Common/HIDParser.o
                                                  ../../LUFA/Drivers/USB/Core/USBTask.o
                                                  ../../LUFA/Drivers/USB/Core/HostStandardReq.o
                                                  ../../LUFA/Drivers/USB/Core/Events.o
                                                  ../../LUFA/Drivers/USB/Core/DeviceStandardReq.o
                                                  ../../LUFA/Drivers/USB/Core/ConfigDescriptors.o
                                                  ../../LUFA/Drivers/USB/Core/AVR8/PipeStream_AVR8.o
                                                  ../../LUFA/Drivers/USB/Core/AVR8/EndpointStream_AVR8.o
                                                  ../../LUFA/Drivers/USB/Core/AVR8/USBInterrupt_AVR8.o
                                                  ../../LUFA/Drivers/USB/Core/AVR8/USBController_AVR8.o
                                                  ../../LUFA/Drivers/USB/Core/AVR8/Pipe_AVR8.o
                                                  ../../LUFA/Drivers/USB/Core/AVR8/Host_AVR8.o
                                                  ../../LUFA/Drivers/USB/Core/AVR8/Endpoint_AVR8.o
                                                  ../../LUFA/Drivers/USB/Core/AVR8/Device_AVR8.o
                                                  Descriptors.o
                                                  USBpwm.o
__do_copy_data                                    /opt/cross/avr/lib64/gcc/avr/4.6.2/avr35/libgcc.a(_copy_data.o)
                                                  ../../LUFA/Drivers/USB/Class/Host/StillImageClassHost.o
                                                  ../../LUFA/Drivers/USB/Class/Host/RNDISClassHost.o
                                                  ../../LUFA/Drivers/USB/Class/Host/PrinterClassHost.o
                                                  ../../LUFA/Drivers/USB/Class/Host/MIDIClassHost.o
                                                  ../../LUFA/Drivers/USB/Class/Host/MassStorageClassHost.o
                                                  ../../LUFA/Drivers/USB/Class/Host/HIDClassHost.o
                                                  ../../LUFA/Drivers/USB/Class/Host/CDCClassHost.o
                                                  ../../LUFA/Drivers/USB/Class/Host/AudioClassHost.o
                                                  ../../LUFA/Drivers/USB/Class/Host/AndroidAccessoryClassHost.o
                                                  ../../LUFA/Drivers/USB/Class/Device/RNDISClassDevice.o
                                                  ../../LUFA/Drivers/USB/Class/Device/MIDIClassDevice.o
                                                  ../../LUFA/Drivers/USB/Class/Device/MassStorageClassDevice.o
                                                  ../../LUFA/Drivers/USB/Class/Device/HIDClassDevice.o
                                                  ../../LUFA/Drivers/USB/Class/Device/CDCClassDevice.o
                                                  ../../LUFA/Drivers/USB/Class/Device/AudioClassDevice.o
                                                  ../../LUFA/Drivers/USB/Class/Common/HIDParser.o
                                                  ../../LUFA/Drivers/USB/Core/USBTask.o
                                                  ../../LUFA/Drivers/USB/Core/HostStandardReq.o
                                                  ../../LUFA/Drivers/USB/Core/Events.o
                                                  ../../LUFA/Drivers/USB/Core/DeviceStandardReq.o
                                                  ../../LUFA/Drivers/USB/Core/ConfigDescriptors.o
                                                  ../../LUFA/Drivers/USB/Core/AVR8/PipeStream_AVR8.o
                                                  ../../LUFA/Drivers/USB/Core/AVR8/EndpointStream_AVR8.o
                                                  ../../LUFA/Drivers/USB/Core/AVR8/USBInterrupt_AVR8.o
                                                  ../../LUFA/Drivers/USB/Core/AVR8/USBController_AVR8.o
                                                  ../../LUFA/Drivers/USB/Core/AVR8/Pipe_AVR8.o
                                                  ../../LUFA/Drivers/USB/Core/AVR8/Host_AVR8.o
                                                  ../../LUFA/Drivers/USB/Core/AVR8/Endpoint_AVR8.o
                                                  ../../LUFA/Drivers/USB/Core/AVR8/Device_AVR8.o
                                                  Descriptors.o
                                                  USBpwm.o
__eerd_byte_m32u2                                 ../../LUFA/Drivers/USB/Core/AVR8/EndpointStream_AVR8.o
__eeupd_byte_m32u2                                ../../LUFA/Drivers/USB/Core/AVR8/EndpointStream_AVR8.o
__fixunssfsi                                      /opt/cross/avr/lib64/gcc/avr/4.6.2/../../../../avr/lib/avr35/libm.a(fixunssfsi.o)
                                                  USBpwm.o
__floatsisf                                       /opt/cross/avr/lib64/gcc/avr/4.6.2/../../../../avr/lib/avr35/libm.a(floatsisf.o)
                                                  /opt/cross/avr/lib64/gcc/avr/4.6.2/../../../../avr/lib/avr35/libm.a(log.o)
__floatunsisf                                     /opt/cross/avr/lib64/gcc/avr/4.6.2/../../../../avr/lib/avr35/libm.a(floatsisf.o)
                                                  USBpwm.o
__fp_inf                                          /opt/cross/avr/lib64/gcc/avr/4.6.2/../../../../avr/lib/avr35/libm.a(fp_inf.o)
                                                  /opt/cross/avr/lib64/gcc/avr/4.6.2/../../../../avr/lib/avr35/libm.a(addsf3x.o)
                                                  /opt/cross/avr/lib64/gcc/avr/4.6.2/../../../../avr/lib/avr35/libm.a(log.o)
                                                  /opt/cross/avr/lib64/gcc/avr/4.6.2/../../../../avr/lib/avr35/libm.a(ldexp.o)
                                                  /opt/cross/avr/lib64/gcc/avr/4.6.2/../../../../avr/lib/avr35/libm.a(exp.o)
                                                  /opt/cross/avr/lib64/gcc/avr/4.6.2/../../../../avr/lib/avr35/libm.a(mulsf3x.o)
                                                  /opt/cross/avr/lib64/gcc/avr/4.6.2/../../../../avr/lib/avr35/libm.a(divsf3x.o)
__fp_mintl                                        /opt/cross/avr/lib64/gcc/avr/4.6.2/../../../../avr/lib/avr35/libm.a(fp_mintl.o)
                                                  /opt/cross/avr/lib64/gcc/avr/4.6.2/../../../../avr/lib/avr35/libm.a(round.o)
__fp_mpack                                        /opt/cross/avr/lib64/gcc/avr/4.6.2/../../../../avr/lib/avr35/libm.a(fp_mpack.o)
                                                  /opt/cross/avr/lib64/gcc/avr/4.6.2/../../../../avr/lib/avr35/libm.a(log.o)
                                                  /opt/cross/avr/lib64/gcc/avr/4.6.2/../../../../avr/lib/avr35/libm.a(ldexp.o)
                                                  /opt/cross/avr/lib64/gcc/avr/4.6.2/../../../../avr/lib/avr35/libm.a(round.o)
__fp_mpack_finite                                 /opt/cross/avr/lib64/gcc/avr/4.6.2/../../../../avr/lib/avr35/libm.a(fp_mpack.o)
__fp_nan                                          /opt/cross/avr/lib64/gcc/avr/4.6.2/../../../../avr/lib/avr35/libm.a(fp_nan.o)
                                                  /opt/cross/avr/lib64/gcc/avr/4.6.2/../../../../avr/lib/avr35/libm.a(addsf3x.o)
                                                  /opt/cross/avr/lib64/gcc/avr/4.6.2/../../../../avr/lib/avr35/libm.a(log.o)
                                                  /opt/cross/avr/lib64/gcc/avr/4.6.2/../../../../avr/lib/avr35/libm.a(exp.o)
                                                  /opt/cross/avr/lib64/gcc/avr/4.6.2/../../../../avr/lib/avr35/libm.a(pow.o)
                                                  /opt/cross/avr/lib64/gcc/avr/4.6.2/../../../../avr/lib/avr35/libm.a(mulsf3x.o)
                                                  /opt/cross/avr/lib64/gcc/avr/4.6.2/../../../../avr/lib/avr35/libm.a(divsf3x.o)
__fp_powser                                       /opt/cross/avr/lib64/gcc/avr/4.6.2/../../../../avr/lib/avr35/libm.a(fp_powser.o)
                                                  /opt/cross/avr/lib64/gcc/avr/4.6.2/../../../../avr/lib/avr35/libm.a(log.o)
                                                  /opt/cross/avr/lib64/gcc/avr/4.6.2/../../../../avr/lib/avr35/libm.a(exp.o)
__fp_pscA                                         /opt/cross/avr/lib64/gcc/avr/4.6.2/../../../../avr/lib/avr35/libm.a(fp_pscA.o)
                                                  /opt/cross/avr/lib64/gcc/avr/4.6.2/../../../../avr/lib/avr35/libm.a(addsf3x.o)
                                                  /opt/cross/avr/lib64/gcc/avr/4.6.2/../../../../avr/lib/avr35/libm.a(mulsf3x.o)
                                                  /opt/cross/avr/lib64/gcc/avr/4.6.2/../../../../avr/lib/avr35/libm.a(divsf3x.o)
__fp_pscB                                         /opt/cross/avr/lib64/gcc/avr/4.6.2/../../../../avr/lib/avr35/libm.a(fp_pscB.o)
                                                  /opt/cross/avr/lib64/gcc/avr/4.6.2/../../../../avr/lib/avr35/libm.a(addsf3x.o)
                                                  /opt/cross/avr/lib64/gcc/avr/4.6.2/../../../../avr/lib/avr35/libm.a(mulsf3x.o)